******************************************************************************
            TI ARM Clang Linker PC v4.0.4                      
******************************************************************************
>> Linked Mon Jun  1 04:16:35 2026

OUTPUT FILE NAME:   <Test.out>
ENTRY POINT SYMBOL: "_c_int00_noargs"  address: 00003e45


MEMORY CONFIGURATION

         name            origin    length      used     unused   attr    fill
----------------------  --------  ---------  --------  --------  ----  --------
  FLASH                 00000000   00020000  00004020  0001bfe0  R  X
  SRAM                  20200000   00008000  000004c3  00007b3d  RW X
  BCR_CONFIG            41c00000   000000ff  00000000  000000ff  R   
  BSL_CONFIG            41c00100   00000080  00000000  00000080  R   


SEGMENT ALLOCATION MAP

run origin  load origin   length   init length attrs members
----------  ----------- ---------- ----------- ----- -------
00000000    00000000    00004020   00004020    r-x
  00000000    00000000    000000c0   000000c0    r-- .intvecs
  000000c0    000000c0    00003e68   00003e68    r-x .text
  00003f28    00003f28    000000c8   000000c8    r-- .rodata
  00003ff0    00003ff0    00000030   00000030    r-- .cinit
20200000    20200000    000002c3   00000000    rw-
  20200000    20200000    000002bc   00000000    rw- .bss
  202002bc    202002bc    00000007   00000000    rw- .data
20207e00    20207e00    00000200   00000000    rw-
  20207e00    20207e00    00000200   00000000    rw- .stack


SECTION ALLOCATION MAP

 output                                  attributes/
section   page    origin      length       input sections
--------  ----  ----------  ----------   ----------------
.intvecs   0    00000000    000000c0     
                  00000000    000000c0     startup_mspm0g350x_ticlang.o (.intvecs)

.text      0    000000c0    00003e68     
                  000000c0    00001990     oled.o (.text.OLED_Init)
                  00001a50    00000684     oled.o (.text.OLED_get_data_from_ROM)
                  000020d4    0000057c     oled.o (.text.OLED_Clear)
                  00002650    000003e0     oled.o (.text.OLED_DisplayTurn)
                  00002a30    000003a4     oled.o (.text.OLED_address)
                  00002dd4    000001a4     oled.o (.text.OLED_Display_16x16)
                  00002f78    000001a4     oled.o (.text.OLED_Display_8x16)
                  0000311c    00000168     System_State.o (.text.state_sampling)
                  00003284    000000fc     driverlib.a : dl_timer.o (.text.DL_Timer_initTimerMode)
                  00003380    000000ec     oled.o (.text.OLED_ShowNum)
                  0000346c    000000e4     oled.o (.text.OLED_Display_GB2312_string)
                  00003550    000000a4     ti_msp_dl_config.o (.text.SYSCFG_DL_ADC_UX_init)
                  000035f4    000000a0     ti_msp_dl_config.o (.text.SYSCFG_DL_ADC_UR_init)
                  00003694    0000009a     libc.a : memcpy16.S.obj (.text:memcpy)
                  0000372e    00000002     startup_mspm0g350x_ticlang.o (.text.Default_Handler)
                  00003730    00000090     ti_msp_dl_config.o (.text.SYSCFG_DL_GPIO_init)
                  000037c0    0000008c     libclang_rt.builtins.a : mulsf3.S.obj (.text.__mulsf3)
                  0000384c    00000080     ti_msp_dl_config.o (.text.SYSCFG_DL_UART_ADC_init)
                  000038cc    0000007c     libc.a : copy_decompress_lzss.c.obj (.text:decompress:lzss)
                  00003948    00000074     LCR2.0.o (.text.main)
                  000039bc    00000064     ti_msp_dl_config.o (.text.SYSCFG_DL_initPower)
                  00003a20    0000005c     System_State.o (.text.GROUP1_IRQHandler)
                  00003a7c    00000050     ti_msp_dl_config.o (.text.SYSCFG_DL_ADC_TIM_init)
                  00003acc    0000004c     driverlib.a : dl_dma.o (.text.DL_DMA_initChannel)
                  00003b18    0000004c     System_State.o (.text.state_init_sampling)
                  00003b64    00000048     driverlib.a : dl_uart.o (.text.DL_UART_init)
                  00003bac    00000040                 : dl_adc12.o (.text.DL_ADC12_setClockConfig)
                  00003bec    00000040     libclang_rt.builtins.a : aeabi_uidivmod.S.obj (.text.__aeabi_uidivmod)
                  00003c2c    0000003c     ADC.o (.text.DMA_Init)
                  00003c68    0000003c     libc.a : autoinit.c.obj (.text:__TI_auto_init_nobinit_nopinit)
                  00003ca4    0000003a     libclang_rt.builtins.a : muldsi3.S.obj (.text.__muldsi3)
                  00003cde    00000002                            : aeabi_div0.c.obj (.text.__aeabi_idiv0)
                  00003ce0    00000038                            : fixsfsi.S.obj (.text.__fixsfsi)
                  00003d18    00000034     ADC.o (.text.ADC0_IRQHandler)
                  00003d4c    00000034     ADC.o (.text.ADC1_IRQHandler)
                  00003d80    00000032     libclang_rt.builtins.a : fixunssfsi.S.obj (.text.__fixunssfsi)
                  00003db2    00000002     --HOLE-- [fill = 0]
                  00003db4    00000030     driverlib.a : dl_uart.o (.text.DL_UART_transmitDataBlocking)
                  00003de4    00000030     ti_msp_dl_config.o (.text.SYSCFG_DL_SYSCTL_init)
                  00003e14    00000030     ti_msp_dl_config.o (.text.SYSCFG_DL_init)
                  00003e44    00000028     libc.a : boot_cortex_m.c.obj (.text:_c_int00_noargs)
                  00003e6c    0000001c     driverlib.a : dl_timer.o (.text.DL_Timer_setClockConfig)
                  00003e88    00000018     ti_msp_dl_config.o (.text.SYSCFG_DL_DMA_UR_init)
                  00003ea0    00000018     ti_msp_dl_config.o (.text.SYSCFG_DL_DMA_UX_init)
                  00003eb8    00000016     libc.a : copy_zero_init.c.obj (.text:decompress:ZI:__TI_zero_init_nomemset)
                  00003ece    00000012     driverlib.a : dl_uart.o (.text.DL_UART_setClockConfig)
                  00003ee0    00000012     libc.a : copy_decompress_none.c.obj (.text:decompress:none)
                  00003ef2    0000000c     ti_msp_dl_config.o (.text.SYSCFG_DL_DMA_init)
                  00003efe    0000000a     driverlib.a : dl_common.o (.text.DL_Common_delayCycles)
                  00003f08    00000008     libclang_rt.builtins.a : aeabi_memcpy.S.obj (.text.__aeabi_memcpy)
                  00003f10    00000006     libc.a : exit.c.obj (.text:abort)
                  00003f16    00000004     libsysbm.a : hostexit.c.obj (.text.HOSTexit)
                  00003f1a    00000004     startup_mspm0g350x_ticlang.o (.text.Reset_Handler)
                  00003f1e    00000004     libc.a : pre_init.c.obj (.text._system_pre_init)
                  00003f22    00000006     --HOLE-- [fill = 0]

.cinit     0    00003ff0    00000030     
                  00003ff0    0000000c     (__TI_handler_table)
                  00003ffc    00000008     (.cinit..bss.load) [load image, compression = zero_init]
                  00004004    00000008     (.cinit..data.load) [load image, compression = lzss]
                  0000400c    00000010     (__TI_cinit_table)
                  0000401c    00000004     --HOLE-- [fill = 0]

.rodata    0    00003f28    000000c8     
                  00003f28    00000028     oled.o (.rodata..Lswitch.table.OLED_ShowNum)
                  00003f50    00000018     ti_msp_dl_config.o (.rodata.gDMA_URConfig)
                  00003f68    00000018     ti_msp_dl_config.o (.rodata.gDMA_UXConfig)
                  00003f80    00000014     ti_msp_dl_config.o (.rodata.gADC_TIMTimerConfig)
                  00003f94    00000012     System_State.o (.rodata.str1.7783977920663782243.1)
                  00003fa6    00000010     System_State.o (.rodata.str1.9761960168339799149.1)
                  00003fb6    0000000a     ti_msp_dl_config.o (.rodata.gUART_ADCConfig)
                  00003fc0    00000008     ti_msp_dl_config.o (.rodata.gADC_URClockConfig)
                  00003fc8    00000008     ti_msp_dl_config.o (.rodata.gADC_UXClockConfig)
                  00003fd0    00000003     ti_msp_dl_config.o (.rodata.gADC_TIMClockConfig)
                  00003fd3    00000002     ti_msp_dl_config.o (.rodata.gUART_ADCClockConfig)
                  00003fd5    00000002     oled.o (.rodata.str1.10542030160240668278.1)
                  00003fd7    00000002     oled.o (.rodata.str1.10612175213412870912.1)
                  00003fd9    00000002     oled.o (.rodata.str1.1130128258963741112.1)
                  00003fdb    00000002     oled.o (.rodata.str1.11378841450994995266.1)
                  00003fdd    00000002     oled.o (.rodata.str1.1499924832707110524.1)
                  00003fdf    00000002     oled.o (.rodata.str1.15891165371740529352.1)
                  00003fe1    00000002     oled.o (.rodata.str1.16194164730816264237.1)
                  00003fe3    00000002     oled.o (.rodata.str1.2525315705987533996.1)
                  00003fe5    00000002     oled.o (.rodata.str1.525651829783989558.1)
                  00003fe7    00000002     oled.o (.rodata.str1.5289467937234112274.1)
                  00003fe9    00000002     oled.o (.rodata.str1.8602790770228168678.1)
                  00003feb    00000005     --HOLE-- [fill = 0]

.init_array 
*          0    00000000    00000000     UNINITIALIZED

.binit     0    00000000    00000000     

.bss       0    20200000    000002bc     UNINITIALIZED
                  20200000    00000100     (.common:UR_data)
                  20200100    00000100     (.common:UX_data)
                  20200200    000000bc     (.common:gADC_TIMBackup)

.data      0    202002bc    00000007     UNINITIALIZED
                  202002bc    00000004     oled.o (.data.fontaddr)
                  202002c0    00000001     ADC.o (.data.UR_complete)
                  202002c1    00000001     ADC.o (.data.UX_complete)
                  202002c2    00000001     System_State.o (.data.state)

.stack     0    20207e00    00000200     UNINITIALIZED
                  20207e00    00000004     libc.a : boot_cortex_m.c.obj (.stack)
                  20207e04    000001fc     --HOLE--

__llvm_prf_cnts 
*          0    20200000    00000000     UNINITIALIZED

__llvm_prf_bits 
*          0    20200000    00000000     UNINITIALIZED

MODULE SUMMARY

       Module                         code    ro data   rw data
       ------                         ----    -------   -------
    .\
       startup_mspm0g350x_ticlang.o   6       192       0      
       LCR2.0.o                       116     0         0      
    +--+------------------------------+-------+---------+---------+
       Total:                         122     192       0      
                                                               
    .\Hardware\
       oled.o                         12844   62        4      
       ADC.o                          164     0         514    
    +--+------------------------------+-------+---------+---------+
       Total:                         13008   62        518    
                                                               
    .\System\
       System_State.o                 528     34        1      
    +--+------------------------------+-------+---------+---------+
       Total:                         528     34        1      
                                                               
    .\syscfg\
       ti_msp_dl_config.o             932     99        188    
    +--+------------------------------+-------+---------+---------+
       Total:                         932     99        188    
                                                               
    D:/TI/SDK/mspm0_sdk_2_09_00_01/source/ti/driverlib/lib/ticlang/m0p/mspm0g1x0x_g3x0x/driverlib.a
       dl_timer.o                     280     0         0      
       dl_uart.o                      138     0         0      
       dl_dma.o                       76      0         0      
       dl_adc12.o                     64      0         0      
       dl_common.o                    10      0         0      
    +--+------------------------------+-------+---------+---------+
       Total:                         568     0         0      
                                                               
    D:\TI\CCS_2026\ccs\tools\compiler\ti-cgt-armllvm_4.0.4.LTS\lib\armv6m-ti-none-eabi/c/libc.a
       memcpy16.S.obj                 154     0         0      
       copy_decompress_lzss.c.obj     124     0         0      
       autoinit.c.obj                 60      0         0      
       boot_cortex_m.c.obj            40      0         0      
       copy_zero_init.c.obj           22      0         0      
       copy_decompress_none.c.obj     18      0         0      
       exit.c.obj                     6       0         0      
       pre_init.c.obj                 4       0         0      
    +--+------------------------------+-------+---------+---------+
       Total:                         428     0         0      
                                                               
    D:\TI\CCS_2026\ccs\tools\compiler\ti-cgt-armllvm_4.0.4.LTS\lib\armv6m-ti-none-eabi/c/libsysbm.a
       hostexit.c.obj                 4       0         0      
    +--+------------------------------+-------+---------+---------+
       Total:                         4       0         0      
                                                               
    D:\TI\CCS_2026\ccs\tools\compiler\ti-cgt-armllvm_4.0.4.LTS\lib\armv6m-ti-none-eabi/libclang_rt.builtins.a
       mulsf3.S.obj                   140     0         0      
       aeabi_uidivmod.S.obj           64      0         0      
       muldsi3.S.obj                  58      0         0      
       fixsfsi.S.obj                  56      0         0      
       fixunssfsi.S.obj               50      0         0      
       aeabi_memcpy.S.obj             8       0         0      
       aeabi_div0.c.obj               2       0         0      
    +--+------------------------------+-------+---------+---------+
       Total:                         378     0         0      
                                                               
       Stack:                         0       0         512    
       Linker Generated:              0       44        0      
    +--+------------------------------+-------+---------+---------+
       Grand Total:                   15968   431       1219   


LINKER GENERATED COPY TABLES

__TI_cinit_table @ 0000400c records: 2, size/record: 8, table size: 16
	.bss: load addr=00003ffc, load size=00000008 bytes, run addr=20200000, run size=000002bc bytes, compression=zero_init
	.data: load addr=00004004, load size=00000008 bytes, run addr=202002bc, run size=00000007 bytes, compression=lzss


LINKER GENERATED HANDLER TABLE

__TI_handler_table @ 00003ff0 records: 3, size/record: 4, table size: 12
	index: 0, handler: __TI_decompress_lzss
	index: 1, handler: __TI_decompress_none
	index: 2, handler: __TI_zero_init


GLOBAL SYMBOLS: SORTED ALPHABETICALLY BY Name 

address   name                          
-------   ----                          
00003d19  ADC0_IRQHandler               
00003d4d  ADC1_IRQHandler               
0000372f  AES_IRQHandler                
00003f16  C$$EXIT                       
0000372f  CANFD0_IRQHandler             
0000372f  DAC0_IRQHandler               
00003bad  DL_ADC12_setClockConfig       
00003eff  DL_Common_delayCycles         
00003acd  DL_DMA_initChannel            
00003285  DL_Timer_initTimerMode        
00003e6d  DL_Timer_setClockConfig       
00003b65  DL_UART_init                  
00003ecf  DL_UART_setClockConfig        
00003db5  DL_UART_transmitDataBlocking  
0000372f  DMA_IRQHandler                
00003c2d  DMA_Init                      
0000372f  Default_Handler               
0000372f  GROUP0_IRQHandler             
00003a21  GROUP1_IRQHandler             
00003f17  HOSTexit                      
0000372f  HardFault_Handler             
0000372f  I2C0_IRQHandler               
0000372f  I2C1_IRQHandler               
0000372f  NMI_Handler                   
000020d5  OLED_Clear                    
00002651  OLED_DisplayTurn              
00002dd5  OLED_Display_16x16            
00002f79  OLED_Display_8x16             
0000346d  OLED_Display_GB2312_string    
000000c1  OLED_Init                     
00003381  OLED_ShowNum                  
00002a31  OLED_address                  
00001a51  OLED_get_data_from_ROM        
0000372f  PendSV_Handler                
0000372f  RTC_IRQHandler                
00003f1b  Reset_Handler                 
0000372f  SPI0_IRQHandler               
0000372f  SPI1_IRQHandler               
0000372f  SVC_Handler                   
00003a7d  SYSCFG_DL_ADC_TIM_init        
000035f5  SYSCFG_DL_ADC_UR_init         
00003551  SYSCFG_DL_ADC_UX_init         
00003e89  SYSCFG_DL_DMA_UR_init         
00003ea1  SYSCFG_DL_DMA_UX_init         
00003ef3  SYSCFG_DL_DMA_init            
00003731  SYSCFG_DL_GPIO_init           
00003de5  SYSCFG_DL_SYSCTL_init         
0000384d  SYSCFG_DL_UART_ADC_init       
00003e15  SYSCFG_DL_init                
000039bd  SYSCFG_DL_initPower           
0000372f  SysTick_Handler               
0000372f  TIMA0_IRQHandler              
0000372f  TIMA1_IRQHandler              
0000372f  TIMG0_IRQHandler              
0000372f  TIMG12_IRQHandler             
0000372f  TIMG6_IRQHandler              
0000372f  TIMG7_IRQHandler              
0000372f  TIMG8_IRQHandler              
0000372f  UART0_IRQHandler              
0000372f  UART1_IRQHandler              
0000372f  UART2_IRQHandler              
0000372f  UART3_IRQHandler              
202002c0  UR_complete                   
20200000  UR_data                       
202002c1  UX_complete                   
20200100  UX_data                       
20208000  __STACK_END                   
00000200  __STACK_SIZE                  
00000000  __TI_ATRegion0_region_sz      
00000000  __TI_ATRegion0_src_addr       
00000000  __TI_ATRegion0_trg_addr       
00000000  __TI_ATRegion1_region_sz      
00000000  __TI_ATRegion1_src_addr       
00000000  __TI_ATRegion1_trg_addr       
00000000  __TI_ATRegion2_region_sz      
00000000  __TI_ATRegion2_src_addr       
00000000  __TI_ATRegion2_trg_addr       
0000400c  __TI_CINIT_Base               
0000401c  __TI_CINIT_Limit              
0000401c  __TI_CINIT_Warm               
00003ff0  __TI_Handler_Table_Base       
00003ffc  __TI_Handler_Table_Limit      
00003c69  __TI_auto_init_nobinit_nopinit
000038cd  __TI_decompress_lzss          
00003ee1  __TI_decompress_none          
ffffffff  __TI_pprof_out_hndl           
ffffffff  __TI_prof_data_size           
ffffffff  __TI_prof_data_start          
00000000  __TI_static_base__            
00003eb9  __TI_zero_init_nomemset       
00003ce1  __aeabi_f2iz                  
00003d81  __aeabi_f2uiz                 
000037c1  __aeabi_fmul                  
00003cdf  __aeabi_idiv0                 
00003f09  __aeabi_memcpy                
00003f09  __aeabi_memcpy4               
00003f09  __aeabi_memcpy8               
00003bed  __aeabi_uidiv                 
00003bed  __aeabi_uidivmod              
ffffffff  __binit__                     
00003ce1  __fixsfsi                     
00003d81  __fixunssfsi                  
UNDEFED   __mpu_init                    
00003ca5  __muldsi3                     
000037c1  __mulsf3                      
20207e00  __stack                       
20200000  __start___llvm_prf_bits       
20200000  __start___llvm_prf_cnts       
20200000  __stop___llvm_prf_bits        
20200000  __stop___llvm_prf_cnts        
00003e45  _c_int00_noargs               
UNDEFED   _system_post_cinit            
00003f1f  _system_pre_init              
00003f11  abort                         
ffffffff  binit                         
202002bc  fontaddr                      
20200200  gADC_TIMBackup                
00000000  interruptVectors              
00003949  main                          
00003695  memcpy                        
202002c2  state                         
00003b19  state_init_sampling           
0000311d  state_sampling                


GLOBAL SYMBOLS: SORTED BY Symbol Address 

address   name                          
-------   ----                          
00000000  __TI_ATRegion0_region_sz      
00000000  __TI_ATRegion0_src_addr       
00000000  __TI_ATRegion0_trg_addr       
00000000  __TI_ATRegion1_region_sz      
00000000  __TI_ATRegion1_src_addr       
00000000  __TI_ATRegion1_trg_addr       
00000000  __TI_ATRegion2_region_sz      
00000000  __TI_ATRegion2_src_addr       
00000000  __TI_ATRegion2_trg_addr       
00000000  __TI_static_base__            
00000000  interruptVectors              
000000c1  OLED_Init                     
00000200  __STACK_SIZE                  
00001a51  OLED_get_data_from_ROM        
000020d5  OLED_Clear                    
00002651  OLED_DisplayTurn              
00002a31  OLED_address                  
00002dd5  OLED_Display_16x16            
00002f79  OLED_Display_8x16             
0000311d  state_sampling                
00003285  DL_Timer_initTimerMode        
00003381  OLED_ShowNum                  
0000346d  OLED_Display_GB2312_string    
00003551  SYSCFG_DL_ADC_UX_init         
000035f5  SYSCFG_DL_ADC_UR_init         
00003695  memcpy                        
0000372f  AES_IRQHandler                
0000372f  CANFD0_IRQHandler             
0000372f  DAC0_IRQHandler               
0000372f  DMA_IRQHandler                
0000372f  Default_Handler               
0000372f  GROUP0_IRQHandler             
0000372f  HardFault_Handler             
0000372f  I2C0_IRQHandler               
0000372f  I2C1_IRQHandler               
0000372f  NMI_Handler                   
0000372f  PendSV_Handler                
0000372f  RTC_IRQHandler                
0000372f  SPI0_IRQHandler               
0000372f  SPI1_IRQHandler               
0000372f  SVC_Handler                   
0000372f  SysTick_Handler               
0000372f  TIMA0_IRQHandler              
0000372f  TIMA1_IRQHandler              
0000372f  TIMG0_IRQHandler              
0000372f  TIMG12_IRQHandler             
0000372f  TIMG6_IRQHandler              
0000372f  TIMG7_IRQHandler              
0000372f  TIMG8_IRQHandler              
0000372f  UART0_IRQHandler              
0000372f  UART1_IRQHandler              
0000372f  UART2_IRQHandler              
0000372f  UART3_IRQHandler              
00003731  SYSCFG_DL_GPIO_init           
000037c1  __aeabi_fmul                  
000037c1  __mulsf3                      
0000384d  SYSCFG_DL_UART_ADC_init       
000038cd  __TI_decompress_lzss          
00003949  main                          
000039bd  SYSCFG_DL_initPower           
00003a21  GROUP1_IRQHandler             
00003a7d  SYSCFG_DL_ADC_TIM_init        
00003acd  DL_DMA_initChannel            
00003b19  state_init_sampling           
00003b65  DL_UART_init                  
00003bad  DL_ADC12_setClockConfig       
00003bed  __aeabi_uidiv                 
00003bed  __aeabi_uidivmod              
00003c2d  DMA_Init                      
00003c69  __TI_auto_init_nobinit_nopinit
00003ca5  __muldsi3                     
00003cdf  __aeabi_idiv0                 
00003ce1  __aeabi_f2iz                  
00003ce1  __fixsfsi                     
00003d19  ADC0_IRQHandler               
00003d4d  ADC1_IRQHandler               
00003d81  __aeabi_f2uiz                 
00003d81  __fixunssfsi                  
00003db5  DL_UART_transmitDataBlocking  
00003de5  SYSCFG_DL_SYSCTL_init         
00003e15  SYSCFG_DL_init                
00003e45  _c_int00_noargs               
00003e6d  DL_Timer_setClockConfig       
00003e89  SYSCFG_DL_DMA_UR_init         
00003ea1  SYSCFG_DL_DMA_UX_init         
00003eb9  __TI_zero_init_nomemset       
00003ecf  DL_UART_setClockConfig        
00003ee1  __TI_decompress_none          
00003ef3  SYSCFG_DL_DMA_init            
00003eff  DL_Common_delayCycles         
00003f09  __aeabi_memcpy                
00003f09  __aeabi_memcpy4               
00003f09  __aeabi_memcpy8               
00003f11  abort                         
00003f16  C$$EXIT                       
00003f17  HOSTexit                      
00003f1b  Reset_Handler                 
00003f1f  _system_pre_init              
00003ff0  __TI_Handler_Table_Base       
00003ffc  __TI_Handler_Table_Limit      
0000400c  __TI_CINIT_Base               
0000401c  __TI_CINIT_Limit              
0000401c  __TI_CINIT_Warm               
20200000  UR_data                       
20200000  __start___llvm_prf_bits       
20200000  __start___llvm_prf_cnts       
20200000  __stop___llvm_prf_bits        
20200000  __stop___llvm_prf_cnts        
20200100  UX_data                       
20200200  gADC_TIMBackup                
202002bc  fontaddr                      
202002c0  UR_complete                   
202002c1  UX_complete                   
202002c2  state                         
20207e00  __stack                       
20208000  __STACK_END                   
ffffffff  __TI_pprof_out_hndl           
ffffffff  __TI_prof_data_size           
ffffffff  __TI_prof_data_start          
ffffffff  __binit__                     
ffffffff  binit                         
UNDEFED   __mpu_init                    
UNDEFED   _system_post_cinit            

[123 symbols]
