<?xml version="1.0" encoding="ISO-8859-1" ?>
<link_info>
   <banner>TI ARM Clang Linker PC v4.0.4.LTS</banner>
   <copyright>Copyright (c) 1996-2018 Texas Instruments Incorporated</copyright>
   <command_line>D:\TI\CCS_2026\ccs\tools\compiler\ti-cgt-armllvm_4.0.4.LTS\bin\tiarmlnk -ID:\TI\CCS_2026\ccs\tools\compiler\ti-cgt-armllvm_4.0.4.LTS\lib -o Test.out -mTest.map -iD:/TI/SDK/mspm0_sdk_2_09_00_01/source -iD:/CCS_workplace_2026_new/Test/Debug/syscfg -iD:/TI/CCS_2026/ccs/tools/compiler/ti-cgt-armllvm_4.0.4.LTS/lib --diag_wrap=off --display_error_number --warn_sections --xml_link_info=Test_linkInfo.xml --rom_model ./LCR2.0.o ./syscfg/ti_msp_dl_config.o ./startup_mspm0g350x_ticlang.o ./Hardware/ADC.o ./Hardware/oled.o ./System/IQDemod.o ./System/System_State.o -lsyscfg/device_linker.cmd -ldevice.cmd.genlibs -llibc.a --start-group -llibc++.a -llibc++abi.a -llibc.a -llibsys.a -llibsysbm.a -llibclang_rt.builtins.a -llibclang_rt.profile.a --end-group --cg_opt_level=2</command_line>
   <link_time>0x6a23e01a</link_time>
   <link_errors>0x0</link_errors>
   <output_file>D:\CCS_workplace_2026_new\Test\Debug\Test.out</output_file>
   <entry_point>
      <name>_c_int00_noargs</name>
      <address>0x59dd</address>
   </entry_point>
   <input_file_list>
      <input_file id="fl-1">
         <path>D:\CCS_workplace_2026_new\Test\Debug\.\</path>
         <kind>object</kind>
         <file>LCR2.0.o</file>
         <name>LCR2.0.o</name>
      </input_file>
      <input_file id="fl-2">
         <path>D:\CCS_workplace_2026_new\Test\Debug\.\syscfg\</path>
         <kind>object</kind>
         <file>ti_msp_dl_config.o</file>
         <name>ti_msp_dl_config.o</name>
      </input_file>
      <input_file id="fl-3">
         <path>D:\CCS_workplace_2026_new\Test\Debug\.\</path>
         <kind>object</kind>
         <file>startup_mspm0g350x_ticlang.o</file>
         <name>startup_mspm0g350x_ticlang.o</name>
      </input_file>
      <input_file id="fl-4">
         <path>D:\CCS_workplace_2026_new\Test\Debug\.\Hardware\</path>
         <kind>object</kind>
         <file>ADC.o</file>
         <name>ADC.o</name>
      </input_file>
      <input_file id="fl-5">
         <path>D:\CCS_workplace_2026_new\Test\Debug\.\Hardware\</path>
         <kind>object</kind>
         <file>oled.o</file>
         <name>oled.o</name>
      </input_file>
      <input_file id="fl-6">
         <path>D:\CCS_workplace_2026_new\Test\Debug\.\System\</path>
         <kind>object</kind>
         <file>IQDemod.o</file>
         <name>IQDemod.o</name>
      </input_file>
      <input_file id="fl-7">
         <path>D:\CCS_workplace_2026_new\Test\Debug\.\System\</path>
         <kind>object</kind>
         <file>System_State.o</file>
         <name>System_State.o</name>
      </input_file>
      <input_file id="fl-14">
         <path>D:\CCS_workplace_2026_new\Test\Debug\</path>
         <kind>object</kind>
         <file>&lt;internal&gt;</file>
         <name>&lt;internal&gt;</name>
      </input_file>
      <input_file id="fl-15">
         <path>D:\TI\SDK\mspm0_sdk_2_09_00_01\source\ti\driverlib\lib\ticlang\m0p\mspm0g1x0x_g3x0x\</path>
         <kind>archive</kind>
         <file>driverlib.a</file>
         <name>dl_adc12.o</name>
      </input_file>
      <input_file id="fl-16">
         <path>D:\TI\SDK\mspm0_sdk_2_09_00_01\source\ti\driverlib\lib\ticlang\m0p\mspm0g1x0x_g3x0x\</path>
         <kind>archive</kind>
         <file>driverlib.a</file>
         <name>dl_common.o</name>
      </input_file>
      <input_file id="fl-17">
         <path>D:\TI\SDK\mspm0_sdk_2_09_00_01\source\ti\driverlib\lib\ticlang\m0p\mspm0g1x0x_g3x0x\</path>
         <kind>archive</kind>
         <file>driverlib.a</file>
         <name>dl_dma.o</name>
      </input_file>
      <input_file id="fl-18">
         <path>D:\TI\SDK\mspm0_sdk_2_09_00_01\source\ti\driverlib\lib\ticlang\m0p\mspm0g1x0x_g3x0x\</path>
         <kind>archive</kind>
         <file>driverlib.a</file>
         <name>dl_timer.o</name>
      </input_file>
      <input_file id="fl-19">
         <path>D:\TI\SDK\mspm0_sdk_2_09_00_01\source\ti\driverlib\lib\ticlang\m0p\mspm0g1x0x_g3x0x\</path>
         <kind>archive</kind>
         <file>driverlib.a</file>
         <name>dl_uart.o</name>
      </input_file>
      <input_file id="fl-30">
         <path>D:\TI\CCS_2026\ccs\tools\compiler\ti-cgt-armllvm_4.0.4.LTS\lib\armv6m-ti-none-eabi\c\</path>
         <kind>archive</kind>
         <file>libc.a</file>
         <name>snprintf.c.obj</name>
      </input_file>
      <input_file id="fl-31">
         <path>D:\TI\CCS_2026\ccs\tools\compiler\ti-cgt-armllvm_4.0.4.LTS\lib\armv6m-ti-none-eabi\c\</path>
         <kind>archive</kind>
         <file>libc.a</file>
         <name>boot_cortex_m.c.obj</name>
      </input_file>
      <input_file id="fl-32">
         <path>D:\TI\CCS_2026\ccs\tools\compiler\ti-cgt-armllvm_4.0.4.LTS\lib\armv6m-ti-none-eabi\c\</path>
         <kind>archive</kind>
         <file>libc.a</file>
         <name>mathacl_init.c.obj</name>
      </input_file>
      <input_file id="fl-33">
         <path>D:\TI\CCS_2026\ccs\tools\compiler\ti-cgt-armllvm_4.0.4.LTS\lib\armv6m-ti-none-eabi\c\</path>
         <kind>archive</kind>
         <file>libc.a</file>
         <name>autoinit.c.obj</name>
      </input_file>
      <input_file id="fl-34">
         <path>D:\TI\CCS_2026\ccs\tools\compiler\ti-cgt-armllvm_4.0.4.LTS\lib\armv6m-ti-none-eabi\c\</path>
         <kind>archive</kind>
         <file>libc.a</file>
         <name>pre_init.c.obj</name>
      </input_file>
      <input_file id="fl-35">
         <path>D:\TI\CCS_2026\ccs\tools\compiler\ti-cgt-armllvm_4.0.4.LTS\lib\armv6m-ti-none-eabi\c\</path>
         <kind>archive</kind>
         <file>libc.a</file>
         <name>cpy_tbl.c.obj</name>
      </input_file>
      <input_file id="fl-36">
         <path>D:\TI\CCS_2026\ccs\tools\compiler\ti-cgt-armllvm_4.0.4.LTS\lib\armv6m-ti-none-eabi\c\</path>
         <kind>archive</kind>
         <file>libc.a</file>
         <name>copy_zero_init.c.obj</name>
      </input_file>
      <input_file id="fl-37">
         <path>D:\TI\CCS_2026\ccs\tools\compiler\ti-cgt-armllvm_4.0.4.LTS\lib\armv6m-ti-none-eabi\c\</path>
         <kind>archive</kind>
         <file>libc.a</file>
         <name>copy_decompress_none.c.obj</name>
      </input_file>
      <input_file id="fl-38">
         <path>D:\TI\CCS_2026\ccs\tools\compiler\ti-cgt-armllvm_4.0.4.LTS\lib\armv6m-ti-none-eabi\c\</path>
         <kind>archive</kind>
         <file>libc.a</file>
         <name>copy_decompress_lzss.c.obj</name>
      </input_file>
      <input_file id="fl-39">
         <path>D:\TI\CCS_2026\ccs\tools\compiler\ti-cgt-armllvm_4.0.4.LTS\lib\armv6m-ti-none-eabi\c\</path>
         <kind>archive</kind>
         <file>libc.a</file>
         <name>_printfi.c.obj</name>
      </input_file>
      <input_file id="fl-3a">
         <path>D:\TI\CCS_2026\ccs\tools\compiler\ti-cgt-armllvm_4.0.4.LTS\lib\armv6m-ti-none-eabi\c\</path>
         <kind>archive</kind>
         <file>libc.a</file>
         <name>aeabi_portable.c.obj</name>
      </input_file>
      <input_file id="fl-3b">
         <path>D:\TI\CCS_2026\ccs\tools\compiler\ti-cgt-armllvm_4.0.4.LTS\lib\armv6m-ti-none-eabi\c\</path>
         <kind>archive</kind>
         <file>libc.a</file>
         <name>exit.c.obj</name>
      </input_file>
      <input_file id="fl-3c">
         <path>D:\TI\CCS_2026\ccs\tools\compiler\ti-cgt-armllvm_4.0.4.LTS\lib\armv6m-ti-none-eabi\c\</path>
         <kind>archive</kind>
         <file>libc.a</file>
         <name>_lock.c.obj</name>
      </input_file>
      <input_file id="fl-3d">
         <path>D:\TI\CCS_2026\ccs\tools\compiler\ti-cgt-armllvm_4.0.4.LTS\lib\armv6m-ti-none-eabi\c\</path>
         <kind>archive</kind>
         <file>libc.a</file>
         <name>_ltoa.c.obj</name>
      </input_file>
      <input_file id="fl-3e">
         <path>D:\TI\CCS_2026\ccs\tools\compiler\ti-cgt-armllvm_4.0.4.LTS\lib\armv6m-ti-none-eabi\c\</path>
         <kind>archive</kind>
         <file>libc.a</file>
         <name>args_main.c.obj</name>
      </input_file>
      <input_file id="fl-3f">
         <path>D:\TI\CCS_2026\ccs\tools\compiler\ti-cgt-armllvm_4.0.4.LTS\lib\armv6m-ti-none-eabi\c\</path>
         <kind>archive</kind>
         <file>libc.a</file>
         <name>assert.c.obj</name>
      </input_file>
      <input_file id="fl-40">
         <path>D:\TI\CCS_2026\ccs\tools\compiler\ti-cgt-armllvm_4.0.4.LTS\lib\armv6m-ti-none-eabi\c\</path>
         <kind>archive</kind>
         <file>libc.a</file>
         <name>atoi.c.obj</name>
      </input_file>
      <input_file id="fl-41">
         <path>D:\TI\CCS_2026\ccs\tools\compiler\ti-cgt-armllvm_4.0.4.LTS\lib\armv6m-ti-none-eabi\c\</path>
         <kind>archive</kind>
         <file>libc.a</file>
         <name>defs.c.obj</name>
      </input_file>
      <input_file id="fl-42">
         <path>D:\TI\CCS_2026\ccs\tools\compiler\ti-cgt-armllvm_4.0.4.LTS\lib\armv6m-ti-none-eabi\c\</path>
         <kind>archive</kind>
         <file>libc.a</file>
         <name>memccpy.c.obj</name>
      </input_file>
      <input_file id="fl-43">
         <path>D:\TI\CCS_2026\ccs\tools\compiler\ti-cgt-armllvm_4.0.4.LTS\lib\armv6m-ti-none-eabi\c\</path>
         <kind>archive</kind>
         <file>libc.a</file>
         <name>memory.c.obj</name>
      </input_file>
      <input_file id="fl-44">
         <path>D:\TI\CCS_2026\ccs\tools\compiler\ti-cgt-armllvm_4.0.4.LTS\lib\armv6m-ti-none-eabi\c\</path>
         <kind>archive</kind>
         <file>libc.a</file>
         <name>s_frexp.c.obj</name>
      </input_file>
      <input_file id="fl-45">
         <path>D:\TI\CCS_2026\ccs\tools\compiler\ti-cgt-armllvm_4.0.4.LTS\lib\armv6m-ti-none-eabi\c\</path>
         <kind>archive</kind>
         <file>libc.a</file>
         <name>s_scalbn.c.obj</name>
      </input_file>
      <input_file id="fl-46">
         <path>D:\TI\CCS_2026\ccs\tools\compiler\ti-cgt-armllvm_4.0.4.LTS\lib\armv6m-ti-none-eabi\c\</path>
         <kind>archive</kind>
         <file>libc.a</file>
         <name>wcslen.c.obj</name>
      </input_file>
      <input_file id="fl-47">
         <path>D:\TI\CCS_2026\ccs\tools\compiler\ti-cgt-armllvm_4.0.4.LTS\lib\armv6m-ti-none-eabi\c\</path>
         <kind>archive</kind>
         <file>libc.a</file>
         <name>sprintf.c.obj</name>
      </input_file>
      <input_file id="fl-48">
         <path>D:\TI\CCS_2026\ccs\tools\compiler\ti-cgt-armllvm_4.0.4.LTS\lib\armv6m-ti-none-eabi\c\</path>
         <kind>archive</kind>
         <file>libc.a</file>
         <name>fflush.c.obj</name>
      </input_file>
      <input_file id="fl-49">
         <path>D:\TI\CCS_2026\ccs\tools\compiler\ti-cgt-armllvm_4.0.4.LTS\lib\armv6m-ti-none-eabi\c\</path>
         <kind>archive</kind>
         <file>libc.a</file>
         <name>fputs.c.obj</name>
      </input_file>
      <input_file id="fl-4a">
         <path>D:\TI\CCS_2026\ccs\tools\compiler\ti-cgt-armllvm_4.0.4.LTS\lib\armv6m-ti-none-eabi\c\</path>
         <kind>archive</kind>
         <file>libc.a</file>
         <name>_io_perm.c.obj</name>
      </input_file>
      <input_file id="fl-4b">
         <path>D:\TI\CCS_2026\ccs\tools\compiler\ti-cgt-armllvm_4.0.4.LTS\lib\armv6m-ti-none-eabi\c\</path>
         <kind>archive</kind>
         <file>libc.a</file>
         <name>setvbuf.c.obj</name>
      </input_file>
      <input_file id="fl-4c">
         <path>D:\TI\CCS_2026\ccs\tools\compiler\ti-cgt-armllvm_4.0.4.LTS\lib\armv6m-ti-none-eabi\c\</path>
         <kind>archive</kind>
         <file>libc.a</file>
         <name>aeabi_ctype.S.obj</name>
      </input_file>
      <input_file id="fl-4d">
         <path>D:\TI\CCS_2026\ccs\tools\compiler\ti-cgt-armllvm_4.0.4.LTS\lib\armv6m-ti-none-eabi\c\</path>
         <kind>archive</kind>
         <file>libc.a</file>
         <name>fopen.c.obj</name>
      </input_file>
      <input_file id="fl-4e">
         <path>D:\TI\CCS_2026\ccs\tools\compiler\ti-cgt-armllvm_4.0.4.LTS\lib\armv6m-ti-none-eabi\c\</path>
         <kind>archive</kind>
         <file>libc.a</file>
         <name>fseek.c.obj</name>
      </input_file>
      <input_file id="fl-4f">
         <path>D:\TI\CCS_2026\ccs\tools\compiler\ti-cgt-armllvm_4.0.4.LTS\lib\armv6m-ti-none-eabi\c\</path>
         <kind>archive</kind>
         <file>libc.a</file>
         <name>fclose.c.obj</name>
      </input_file>
      <input_file id="fl-ef">
         <path>D:\TI\CCS_2026\ccs\tools\compiler\ti-cgt-armllvm_4.0.4.LTS\lib\armv6m-ti-none-eabi\c\</path>
         <kind>archive</kind>
         <file>libsysbm.a</file>
         <name>hostexit.c.obj</name>
      </input_file>
      <input_file id="fl-f0">
         <path>D:\TI\CCS_2026\ccs\tools\compiler\ti-cgt-armllvm_4.0.4.LTS\lib\armv6m-ti-none-eabi\c\</path>
         <kind>archive</kind>
         <file>libsysbm.a</file>
         <name>write.c.obj</name>
      </input_file>
      <input_file id="fl-f1">
         <path>D:\TI\CCS_2026\ccs\tools\compiler\ti-cgt-armllvm_4.0.4.LTS\lib\armv6m-ti-none-eabi\c\</path>
         <kind>archive</kind>
         <file>libsysbm.a</file>
         <name>host_device.c.obj</name>
      </input_file>
      <input_file id="fl-f2">
         <path>D:\TI\CCS_2026\ccs\tools\compiler\ti-cgt-armllvm_4.0.4.LTS\lib\armv6m-ti-none-eabi\c\</path>
         <kind>archive</kind>
         <file>libsysbm.a</file>
         <name>remove.c.obj</name>
      </input_file>
      <input_file id="fl-f3">
         <path>D:\TI\CCS_2026\ccs\tools\compiler\ti-cgt-armllvm_4.0.4.LTS\lib\armv6m-ti-none-eabi\c\</path>
         <kind>archive</kind>
         <file>libsysbm.a</file>
         <name>open.c.obj</name>
      </input_file>
      <input_file id="fl-f4">
         <path>D:\TI\CCS_2026\ccs\tools\compiler\ti-cgt-armllvm_4.0.4.LTS\lib\armv6m-ti-none-eabi\c\</path>
         <kind>archive</kind>
         <file>libsysbm.a</file>
         <name>lseek.c.obj</name>
      </input_file>
      <input_file id="fl-f5">
         <path>D:\TI\CCS_2026\ccs\tools\compiler\ti-cgt-armllvm_4.0.4.LTS\lib\armv6m-ti-none-eabi\c\</path>
         <kind>archive</kind>
         <file>libsysbm.a</file>
         <name>close.c.obj</name>
      </input_file>
      <input_file id="fl-f6">
         <path>D:\TI\CCS_2026\ccs\tools\compiler\ti-cgt-armllvm_4.0.4.LTS\lib\armv6m-ti-none-eabi\c\</path>
         <kind>archive</kind>
         <file>libsysbm.a</file>
         <name>unlink.c.obj</name>
      </input_file>
      <input_file id="fl-f7">
         <path>D:\TI\CCS_2026\ccs\tools\compiler\ti-cgt-armllvm_4.0.4.LTS\lib\armv6m-ti-none-eabi\c\</path>
         <kind>archive</kind>
         <file>libsysbm.a</file>
         <name>hostclose.c.obj</name>
      </input_file>
      <input_file id="fl-f8">
         <path>D:\TI\CCS_2026\ccs\tools\compiler\ti-cgt-armllvm_4.0.4.LTS\lib\armv6m-ti-none-eabi\c\</path>
         <kind>archive</kind>
         <file>libsysbm.a</file>
         <name>hostlseek.c.obj</name>
      </input_file>
      <input_file id="fl-f9">
         <path>D:\TI\CCS_2026\ccs\tools\compiler\ti-cgt-armllvm_4.0.4.LTS\lib\armv6m-ti-none-eabi\c\</path>
         <kind>archive</kind>
         <file>libsysbm.a</file>
         <name>hostopen.c.obj</name>
      </input_file>
      <input_file id="fl-fa">
         <path>D:\TI\CCS_2026\ccs\tools\compiler\ti-cgt-armllvm_4.0.4.LTS\lib\armv6m-ti-none-eabi\c\</path>
         <kind>archive</kind>
         <file>libsysbm.a</file>
         <name>hostread.c.obj</name>
      </input_file>
      <input_file id="fl-fb">
         <path>D:\TI\CCS_2026\ccs\tools\compiler\ti-cgt-armllvm_4.0.4.LTS\lib\armv6m-ti-none-eabi\c\</path>
         <kind>archive</kind>
         <file>libsysbm.a</file>
         <name>hostrename.c.obj</name>
      </input_file>
      <input_file id="fl-fc">
         <path>D:\TI\CCS_2026\ccs\tools\compiler\ti-cgt-armllvm_4.0.4.LTS\lib\armv6m-ti-none-eabi\c\</path>
         <kind>archive</kind>
         <file>libsysbm.a</file>
         <name>hostunlink.c.obj</name>
      </input_file>
      <input_file id="fl-fd">
         <path>D:\TI\CCS_2026\ccs\tools\compiler\ti-cgt-armllvm_4.0.4.LTS\lib\armv6m-ti-none-eabi\c\</path>
         <kind>archive</kind>
         <file>libsysbm.a</file>
         <name>hostwrite.c.obj</name>
      </input_file>
      <input_file id="fl-fe">
         <path>D:\TI\CCS_2026\ccs\tools\compiler\ti-cgt-armllvm_4.0.4.LTS\lib\armv6m-ti-none-eabi\c\</path>
         <kind>archive</kind>
         <file>libsysbm.a</file>
         <name>trgmsg.c.obj</name>
      </input_file>
      <input_file id="fl-ff">
         <path>D:\TI\CCS_2026\ccs\tools\compiler\ti-cgt-armllvm_4.0.4.LTS\lib\armv6m-ti-none-eabi\</path>
         <kind>archive</kind>
         <file>libclang_rt.builtins.a</file>
         <name>adddf3.S.obj</name>
      </input_file>
      <input_file id="fl-100">
         <path>D:\TI\CCS_2026\ccs\tools\compiler\ti-cgt-armllvm_4.0.4.LTS\lib\armv6m-ti-none-eabi\</path>
         <kind>archive</kind>
         <file>libclang_rt.builtins.a</file>
         <name>muldf3.S.obj</name>
      </input_file>
      <input_file id="fl-101">
         <path>D:\TI\CCS_2026\ccs\tools\compiler\ti-cgt-armllvm_4.0.4.LTS\lib\armv6m-ti-none-eabi\</path>
         <kind>archive</kind>
         <file>libclang_rt.builtins.a</file>
         <name>muldsi3.S.obj</name>
      </input_file>
      <input_file id="fl-102">
         <path>D:\TI\CCS_2026\ccs\tools\compiler\ti-cgt-armllvm_4.0.4.LTS\lib\armv6m-ti-none-eabi\</path>
         <kind>archive</kind>
         <file>libclang_rt.builtins.a</file>
         <name>mulsf3.S.obj</name>
      </input_file>
      <input_file id="fl-103">
         <path>D:\TI\CCS_2026\ccs\tools\compiler\ti-cgt-armllvm_4.0.4.LTS\lib\armv6m-ti-none-eabi\</path>
         <kind>archive</kind>
         <file>libclang_rt.builtins.a</file>
         <name>divsf3.S.obj</name>
      </input_file>
      <input_file id="fl-104">
         <path>D:\TI\CCS_2026\ccs\tools\compiler\ti-cgt-armllvm_4.0.4.LTS\lib\armv6m-ti-none-eabi\</path>
         <kind>archive</kind>
         <file>libclang_rt.builtins.a</file>
         <name>divdf3.S.obj</name>
      </input_file>
      <input_file id="fl-105">
         <path>D:\TI\CCS_2026\ccs\tools\compiler\ti-cgt-armllvm_4.0.4.LTS\lib\armv6m-ti-none-eabi\</path>
         <kind>archive</kind>
         <file>libclang_rt.builtins.a</file>
         <name>extendsfdf2.S.obj</name>
      </input_file>
      <input_file id="fl-106">
         <path>D:\TI\CCS_2026\ccs\tools\compiler\ti-cgt-armllvm_4.0.4.LTS\lib\armv6m-ti-none-eabi\</path>
         <kind>archive</kind>
         <file>libclang_rt.builtins.a</file>
         <name>fixdfsi.S.obj</name>
      </input_file>
      <input_file id="fl-107">
         <path>D:\TI\CCS_2026\ccs\tools\compiler\ti-cgt-armllvm_4.0.4.LTS\lib\armv6m-ti-none-eabi\</path>
         <kind>archive</kind>
         <file>libclang_rt.builtins.a</file>
         <name>fixunssfsi.S.obj</name>
      </input_file>
      <input_file id="fl-108">
         <path>D:\TI\CCS_2026\ccs\tools\compiler\ti-cgt-armllvm_4.0.4.LTS\lib\armv6m-ti-none-eabi\</path>
         <kind>archive</kind>
         <file>libclang_rt.builtins.a</file>
         <name>floatsidf.S.obj</name>
      </input_file>
      <input_file id="fl-109">
         <path>D:\TI\CCS_2026\ccs\tools\compiler\ti-cgt-armllvm_4.0.4.LTS\lib\armv6m-ti-none-eabi\</path>
         <kind>archive</kind>
         <file>libclang_rt.builtins.a</file>
         <name>floatsisf.S.obj</name>
      </input_file>
      <input_file id="fl-10a">
         <path>D:\TI\CCS_2026\ccs\tools\compiler\ti-cgt-armllvm_4.0.4.LTS\lib\armv6m-ti-none-eabi\</path>
         <kind>archive</kind>
         <file>libclang_rt.builtins.a</file>
         <name>muldi3.S.obj</name>
      </input_file>
      <input_file id="fl-10b">
         <path>D:\TI\CCS_2026\ccs\tools\compiler\ti-cgt-armllvm_4.0.4.LTS\lib\armv6m-ti-none-eabi\</path>
         <kind>archive</kind>
         <file>libclang_rt.builtins.a</file>
         <name>aeabi_dcmp.S.obj</name>
      </input_file>
      <input_file id="fl-10c">
         <path>D:\TI\CCS_2026\ccs\tools\compiler\ti-cgt-armllvm_4.0.4.LTS\lib\armv6m-ti-none-eabi\</path>
         <kind>archive</kind>
         <file>libclang_rt.builtins.a</file>
         <name>aeabi_idivmod.S.obj</name>
      </input_file>
      <input_file id="fl-10d">
         <path>D:\TI\CCS_2026\ccs\tools\compiler\ti-cgt-armllvm_4.0.4.LTS\lib\armv6m-ti-none-eabi\</path>
         <kind>archive</kind>
         <file>libclang_rt.builtins.a</file>
         <name>aeabi_memcpy.S.obj</name>
      </input_file>
      <input_file id="fl-10e">
         <path>D:\TI\CCS_2026\ccs\tools\compiler\ti-cgt-armllvm_4.0.4.LTS\lib\armv6m-ti-none-eabi\</path>
         <kind>archive</kind>
         <file>libclang_rt.builtins.a</file>
         <name>aeabi_memset.S.obj</name>
      </input_file>
      <input_file id="fl-10f">
         <path>D:\TI\CCS_2026\ccs\tools\compiler\ti-cgt-armllvm_4.0.4.LTS\lib\armv6m-ti-none-eabi\</path>
         <kind>archive</kind>
         <file>libclang_rt.builtins.a</file>
         <name>aeabi_uidivmod.S.obj</name>
      </input_file>
      <input_file id="fl-110">
         <path>D:\TI\CCS_2026\ccs\tools\compiler\ti-cgt-armllvm_4.0.4.LTS\lib\armv6m-ti-none-eabi\</path>
         <kind>archive</kind>
         <file>libclang_rt.builtins.a</file>
         <name>aeabi_uldivmod.S.obj</name>
      </input_file>
      <input_file id="fl-111">
         <path>D:\TI\CCS_2026\ccs\tools\compiler\ti-cgt-armllvm_4.0.4.LTS\lib\armv6m-ti-none-eabi\</path>
         <kind>archive</kind>
         <file>libclang_rt.builtins.a</file>
         <name>udivmoddi4.S.obj</name>
      </input_file>
      <input_file id="fl-112">
         <path>D:\TI\CCS_2026\ccs\tools\compiler\ti-cgt-armllvm_4.0.4.LTS\lib\armv6m-ti-none-eabi\</path>
         <kind>archive</kind>
         <file>libclang_rt.builtins.a</file>
         <name>ashldi3.S.obj</name>
      </input_file>
      <input_file id="fl-113">
         <path>D:\TI\CCS_2026\ccs\tools\compiler\ti-cgt-armllvm_4.0.4.LTS\lib\armv6m-ti-none-eabi\</path>
         <kind>archive</kind>
         <file>libclang_rt.builtins.a</file>
         <name>fixsfsi.S.obj</name>
      </input_file>
      <input_file id="fl-114">
         <path>D:\TI\CCS_2026\ccs\tools\compiler\ti-cgt-armllvm_4.0.4.LTS\lib\armv6m-ti-none-eabi\</path>
         <kind>archive</kind>
         <file>libclang_rt.builtins.a</file>
         <name>comparedf2.c.obj</name>
      </input_file>
      <input_file id="fl-115">
         <path>D:\TI\CCS_2026\ccs\tools\compiler\ti-cgt-armllvm_4.0.4.LTS\lib\armv6m-ti-none-eabi\</path>
         <kind>archive</kind>
         <file>libclang_rt.builtins.a</file>
         <name>aeabi_div0.c.obj</name>
      </input_file>
      <input_file id="fl-116">
         <path>D:\TI\CCS_2026\ccs\tools\compiler\ti-cgt-armllvm_4.0.4.LTS\lib\armv6m-ti-none-eabi\c\</path>
         <kind>archive</kind>
         <file>libc.a</file>
         <name>getdevice.c.obj</name>
      </input_file>
      <input_file id="fl-117">
         <path>D:\TI\CCS_2026\ccs\tools\compiler\ti-cgt-armllvm_4.0.4.LTS\lib\armv6m-ti-none-eabi\c\</path>
         <kind>archive</kind>
         <file>libc.a</file>
         <name>memcpy16.S.obj</name>
      </input_file>
      <input_file id="fl-118">
         <path>D:\TI\CCS_2026\ccs\tools\compiler\ti-cgt-armllvm_4.0.4.LTS\lib\armv6m-ti-none-eabi\c\</path>
         <kind>archive</kind>
         <file>libc.a</file>
         <name>memset16.S.obj</name>
      </input_file>
      <input_file id="fl-119">
         <path>D:\TI\CCS_2026\ccs\tools\compiler\ti-cgt-armllvm_4.0.4.LTS\lib\armv6m-ti-none-eabi\c\</path>
         <kind>archive</kind>
         <file>libc.a</file>
         <name>strcmp-armv6m.S.obj</name>
      </input_file>
   </input_file_list>
   <object_component_list>
      <object_component id="oc-18">
         <name>.intvecs</name>
         <load_address>0x0</load_address>
         <readonly>true</readonly>
         <run_address>0x0</run_address>
         <size>0xc0</size>
         <alignment>0x4</alignment>
         <input_file_ref idref="fl-3"/>
      </object_component>
      <object_component id="oc-9a">
         <name>.text.OLED_Init</name>
         <load_address>0xc0</load_address>
         <readonly>true</readonly>
         <executable>true</executable>
         <run_address>0xc0</run_address>
         <size>0x1990</size>
         <alignment>0x4</alignment>
         <input_file_ref idref="fl-5"/>
      </object_component>
      <object_component id="oc-16b">
         <name>.text:__TI_printfi</name>
         <load_address>0x1a50</load_address>
         <readonly>true</readonly>
         <executable>true</executable>
         <run_address>0x1a50</run_address>
         <size>0x9d0</size>
         <alignment>0x4</alignment>
         <input_file_ref idref="fl-39"/>
      </object_component>
      <object_component id="oc-133">
         <name>.text.OLED_get_data_from_ROM</name>
         <load_address>0x2420</load_address>
         <readonly>true</readonly>
         <executable>true</executable>
         <run_address>0x2420</run_address>
         <size>0x684</size>
         <alignment>0x4</alignment>
         <input_file_ref idref="fl-5"/>
      </object_component>
      <object_component id="oc-a0">
         <name>.text.OLED_Clear</name>
         <load_address>0x2aa4</load_address>
         <readonly>true</readonly>
         <executable>true</executable>
         <run_address>0x2aa4</run_address>
         <size>0x57c</size>
         <alignment>0x4</alignment>
         <input_file_ref idref="fl-5"/>
      </object_component>
      <object_component id="oc-d4">
         <name>.text.OLED_DisplayTurn</name>
         <load_address>0x3020</load_address>
         <readonly>true</readonly>
         <executable>true</executable>
         <run_address>0x3020</run_address>
         <size>0x3e0</size>
         <alignment>0x4</alignment>
         <input_file_ref idref="fl-5"/>
      </object_component>
      <object_component id="oc-163">
         <name>.text.OLED_address</name>
         <load_address>0x3400</load_address>
         <readonly>true</readonly>
         <executable>true</executable>
         <run_address>0x3400</run_address>
         <size>0x3a4</size>
         <alignment>0x4</alignment>
         <input_file_ref idref="fl-5"/>
      </object_component>
      <object_component id="oc-196">
         <name>.text._pconv_a</name>
         <load_address>0x37a4</load_address>
         <readonly>true</readonly>
         <executable>true</executable>
         <run_address>0x37a4</run_address>
         <size>0x220</size>
         <alignment>0x4</alignment>
         <input_file_ref idref="fl-39"/>
      </object_component>
      <object_component id="oc-19b">
         <name>.text._pconv_g</name>
         <load_address>0x39c4</load_address>
         <readonly>true</readonly>
         <executable>true</executable>
         <run_address>0x39c4</run_address>
         <size>0x1dc</size>
         <alignment>0x4</alignment>
         <input_file_ref idref="fl-39"/>
      </object_component>
      <object_component id="oc-134">
         <name>.text.OLED_Display_16x16</name>
         <load_address>0x3ba0</load_address>
         <readonly>true</readonly>
         <executable>true</executable>
         <run_address>0x3ba0</run_address>
         <size>0x1a4</size>
         <alignment>0x4</alignment>
         <input_file_ref idref="fl-5"/>
      </object_component>
      <object_component id="oc-135">
         <name>.text.OLED_Display_8x16</name>
         <load_address>0x3d44</load_address>
         <readonly>true</readonly>
         <executable>true</executable>
         <run_address>0x3d44</run_address>
         <size>0x1a4</size>
         <alignment>0x4</alignment>
         <input_file_ref idref="fl-5"/>
      </object_component>
      <object_component id="oc-1df">
         <name>.text.adddf3_subdf3</name>
         <load_address>0x3ee8</load_address>
         <readonly>true</readonly>
         <executable>true</executable>
         <run_address>0x3ee8</run_address>
         <size>0x192</size>
         <alignment>0x4</alignment>
         <input_file_ref idref="fl-ff"/>
      </object_component>
      <object_component id="oc-33">
         <name>.text.Default_Handler</name>
         <load_address>0x407a</load_address>
         <readonly>true</readonly>
         <executable>true</executable>
         <run_address>0x407a</run_address>
         <size>0x2</size>
         <alignment>0x2</alignment>
         <input_file_ref idref="fl-3"/>
      </object_component>
      <object_component id="oc-1e3">
         <name>.text.fcvt</name>
         <load_address>0x407c</load_address>
         <readonly>true</readonly>
         <executable>true</executable>
         <run_address>0x407c</run_address>
         <size>0x13c</size>
         <alignment>0x4</alignment>
         <input_file_ref idref="fl-39"/>
      </object_component>
      <object_component id="oc-f9">
         <name>.text.IQ_CalcImpedance</name>
         <load_address>0x41b8</load_address>
         <readonly>true</readonly>
         <executable>true</executable>
         <run_address>0x41b8</run_address>
         <size>0x124</size>
         <alignment>0x4</alignment>
         <input_file_ref idref="fl-6"/>
      </object_component>
      <object_component id="oc-19d">
         <name>.text._pconv_e</name>
         <load_address>0x42dc</load_address>
         <readonly>true</readonly>
         <executable>true</executable>
         <run_address>0x42dc</run_address>
         <size>0x120</size>
         <alignment>0x4</alignment>
         <input_file_ref idref="fl-39"/>
      </object_component>
      <object_component id="oc-1db">
         <name>.text.__divdf3</name>
         <load_address>0x43fc</load_address>
         <readonly>true</readonly>
         <executable>true</executable>
         <run_address>0x43fc</run_address>
         <size>0x10c</size>
         <alignment>0x4</alignment>
         <input_file_ref idref="fl-104"/>
      </object_component>
      <object_component id="oc-11a">
         <name>.text.DL_Timer_initTimerMode</name>
         <load_address>0x4508</load_address>
         <readonly>true</readonly>
         <executable>true</executable>
         <run_address>0x4508</run_address>
         <size>0xfc</size>
         <alignment>0x4</alignment>
         <input_file_ref idref="fl-18"/>
      </object_component>
      <object_component id="oc-e3">
         <name>.text.OLED_Display_GB2312_string</name>
         <load_address>0x4604</load_address>
         <readonly>true</readonly>
         <executable>true</executable>
         <run_address>0x4604</run_address>
         <size>0xe4</size>
         <alignment>0x4</alignment>
         <input_file_ref idref="fl-5"/>
      </object_component>
      <object_component id="oc-1cb">
         <name>.text.__muldf3</name>
         <load_address>0x46e8</load_address>
         <readonly>true</readonly>
         <executable>true</executable>
         <run_address>0x46e8</run_address>
         <size>0xe4</size>
         <alignment>0x4</alignment>
         <input_file_ref idref="fl-100"/>
      </object_component>
      <object_component id="oc-a1">
         <name>.text.state_showresult</name>
         <load_address>0x47cc</load_address>
         <readonly>true</readonly>
         <executable>true</executable>
         <run_address>0x47cc</run_address>
         <size>0xe0</size>
         <alignment>0x4</alignment>
         <input_file_ref idref="fl-7"/>
      </object_component>
      <object_component id="oc-1ba">
         <name>.text.scalbn</name>
         <load_address>0x48ac</load_address>
         <readonly>true</readonly>
         <executable>true</executable>
         <run_address>0x48ac</run_address>
         <size>0xd8</size>
         <alignment>0x4</alignment>
         <input_file_ref idref="fl-45"/>
      </object_component>
      <object_component id="oc-a4">
         <name>.text.state_calc</name>
         <load_address>0x4984</load_address>
         <readonly>true</readonly>
         <executable>true</executable>
         <run_address>0x4984</run_address>
         <size>0xac</size>
         <alignment>0x4</alignment>
         <input_file_ref idref="fl-7"/>
      </object_component>
      <object_component id="oc-cf">
         <name>.text.SYSCFG_DL_ADC_UX_init</name>
         <load_address>0x4a30</load_address>
         <readonly>true</readonly>
         <executable>true</executable>
         <run_address>0x4a30</run_address>
         <size>0xa4</size>
         <alignment>0x4</alignment>
         <input_file_ref idref="fl-2"/>
      </object_component>
      <object_component id="oc-177">
         <name>.text</name>
         <load_address>0x4ad4</load_address>
         <readonly>true</readonly>
         <executable>true</executable>
         <run_address>0x4ad4</run_address>
         <size>0xa2</size>
         <alignment>0x4</alignment>
         <input_file_ref idref="fl-111"/>
      </object_component>
      <object_component id="oc-16c">
         <name>.text.__aeabi_idiv0</name>
         <load_address>0x4b76</load_address>
         <readonly>true</readonly>
         <executable>true</executable>
         <run_address>0x4b76</run_address>
         <size>0x2</size>
         <alignment>0x2</alignment>
         <input_file_ref idref="fl-115"/>
      </object_component>
      <object_component id="oc-ce">
         <name>.text.SYSCFG_DL_ADC_UR_init</name>
         <load_address>0x4b78</load_address>
         <readonly>true</readonly>
         <executable>true</executable>
         <run_address>0x4b78</run_address>
         <size>0xa0</size>
         <alignment>0x4</alignment>
         <input_file_ref idref="fl-2"/>
      </object_component>
      <object_component id="oc-90">
         <name>.text:memcpy</name>
         <load_address>0x4c18</load_address>
         <readonly>true</readonly>
         <executable>true</executable>
         <run_address>0x4c18</run_address>
         <size>0x9a</size>
         <alignment>0x1</alignment>
         <input_file_ref idref="fl-117"/>
      </object_component>
      <object_component id="oc-1a2">
         <name>.text.__aeabi_ldiv0</name>
         <load_address>0x4cb2</load_address>
         <readonly>true</readonly>
         <executable>true</executable>
         <run_address>0x4cb2</run_address>
         <size>0x2</size>
         <alignment>0x2</alignment>
         <input_file_ref idref="fl-115"/>
      </object_component>
      <object_component id="oc-f3">
         <name>.text.IQ_Demodulate</name>
         <load_address>0x4cb4</load_address>
         <readonly>true</readonly>
         <executable>true</executable>
         <run_address>0x4cb4</run_address>
         <size>0x98</size>
         <alignment>0x4</alignment>
         <input_file_ref idref="fl-6"/>
      </object_component>
      <object_component id="oc-c9">
         <name>.text.SYSCFG_DL_GPIO_init</name>
         <load_address>0x4d4c</load_address>
         <readonly>true</readonly>
         <executable>true</executable>
         <run_address>0x4d4c</run_address>
         <size>0x90</size>
         <alignment>0x4</alignment>
         <input_file_ref idref="fl-2"/>
      </object_component>
      <object_component id="oc-db">
         <name>.text.__divsf3</name>
         <load_address>0x4ddc</load_address>
         <readonly>true</readonly>
         <executable>true</executable>
         <run_address>0x4ddc</run_address>
         <size>0x82</size>
         <alignment>0x4</alignment>
         <input_file_ref idref="fl-103"/>
      </object_component>
      <object_component id="oc-cd">
         <name>.text.SYSCFG_DL_UART_ADC_init</name>
         <load_address>0x4e60</load_address>
         <readonly>true</readonly>
         <executable>true</executable>
         <run_address>0x4e60</run_address>
         <size>0x80</size>
         <alignment>0x4</alignment>
         <input_file_ref idref="fl-2"/>
      </object_component>
      <object_component id="oc-1c">
         <name>.text:decompress:lzss</name>
         <load_address>0x4ee0</load_address>
         <readonly>true</readonly>
         <executable>true</executable>
         <run_address>0x4ee0</run_address>
         <size>0x7c</size>
         <alignment>0x4</alignment>
         <input_file_ref idref="fl-38"/>
      </object_component>
      <object_component id="oc-1d9">
         <name>.text.__gedf2</name>
         <load_address>0x4f5c</load_address>
         <readonly>true</readonly>
         <executable>true</executable>
         <run_address>0x4f5c</run_address>
         <size>0x74</size>
         <alignment>0x4</alignment>
         <input_file_ref idref="fl-114"/>
      </object_component>
      <object_component id="oc-1d3">
         <name>.text.__ledf2</name>
         <load_address>0x4fd0</load_address>
         <readonly>true</readonly>
         <executable>true</executable>
         <run_address>0x4fd0</run_address>
         <size>0x68</size>
         <alignment>0x4</alignment>
         <input_file_ref idref="fl-114"/>
      </object_component>
      <object_component id="oc-1d2">
         <name>.text._mcpy</name>
         <load_address>0x5038</load_address>
         <readonly>true</readonly>
         <executable>true</executable>
         <run_address>0x5038</run_address>
         <size>0x66</size>
         <alignment>0x2</alignment>
         <input_file_ref idref="fl-39"/>
      </object_component>
      <object_component id="oc-c8">
         <name>.text.SYSCFG_DL_initPower</name>
         <load_address>0x50a0</load_address>
         <readonly>true</readonly>
         <executable>true</executable>
         <run_address>0x50a0</run_address>
         <size>0x64</size>
         <alignment>0x4</alignment>
         <input_file_ref idref="fl-2"/>
      </object_component>
      <object_component id="oc-197">
         <name>.text.__aeabi_dcmp</name>
         <load_address>0x5104</load_address>
         <readonly>true</readonly>
         <executable>true</executable>
         <run_address>0x5104</run_address>
         <size>0x62</size>
         <alignment>0x4</alignment>
         <input_file_ref idref="fl-10b"/>
      </object_component>
      <object_component id="oc-c7">
         <name>.text:memset</name>
         <load_address>0x5166</load_address>
         <readonly>true</readonly>
         <executable>true</executable>
         <run_address>0x5166</run_address>
         <size>0x62</size>
         <alignment>0x1</alignment>
         <input_file_ref idref="fl-118"/>
      </object_component>
      <object_component id="oc-34">
         <name>.text.GROUP1_IRQHandler</name>
         <load_address>0x51c8</load_address>
         <readonly>true</readonly>
         <executable>true</executable>
         <run_address>0x51c8</run_address>
         <size>0x5c</size>
         <alignment>0x4</alignment>
         <input_file_ref idref="fl-7"/>
      </object_component>
      <object_component id="oc-1b6">
         <name>.text.frexp</name>
         <load_address>0x5224</load_address>
         <readonly>true</readonly>
         <executable>true</executable>
         <run_address>0x5224</run_address>
         <size>0x5c</size>
         <alignment>0x4</alignment>
         <input_file_ref idref="fl-44"/>
      </object_component>
      <object_component id="oc-7a">
         <name>.text.main</name>
         <load_address>0x5280</load_address>
         <readonly>true</readonly>
         <executable>true</executable>
         <run_address>0x5280</run_address>
         <size>0x5c</size>
         <alignment>0x4</alignment>
         <input_file_ref idref="fl-1"/>
      </object_component>
      <object_component id="oc-1c2">
         <name>.text.__TI_ltoa</name>
         <load_address>0x52dc</load_address>
         <readonly>true</readonly>
         <executable>true</executable>
         <run_address>0x52dc</run_address>
         <size>0x58</size>
         <alignment>0x2</alignment>
         <input_file_ref idref="fl-3d"/>
      </object_component>
      <object_component id="oc-19c">
         <name>.text._pconv_f</name>
         <load_address>0x5334</load_address>
         <readonly>true</readonly>
         <executable>true</executable>
         <run_address>0x5334</run_address>
         <size>0x58</size>
         <alignment>0x2</alignment>
         <input_file_ref idref="fl-39"/>
      </object_component>
      <object_component id="oc-1ed">
         <name>.text.__aeabi_idivmod</name>
         <load_address>0x538c</load_address>
         <readonly>true</readonly>
         <executable>true</executable>
         <run_address>0x538c</run_address>
         <size>0x56</size>
         <alignment>0x4</alignment>
         <input_file_ref idref="fl-10c"/>
      </object_component>
      <object_component id="oc-a5">
         <name>.text.state_init_sampling</name>
         <load_address>0x53e4</load_address>
         <readonly>true</readonly>
         <executable>true</executable>
         <run_address>0x53e4</run_address>
         <size>0x54</size>
         <alignment>0x4</alignment>
         <input_file_ref idref="fl-7"/>
      </object_component>
      <object_component id="oc-1d0">
         <name>.text._ecpy</name>
         <load_address>0x5438</load_address>
         <readonly>true</readonly>
         <executable>true</executable>
         <run_address>0x5438</run_address>
         <size>0x52</size>
         <alignment>0x2</alignment>
         <input_file_ref idref="fl-39"/>
      </object_component>
      <object_component id="oc-cc">
         <name>.text.SYSCFG_DL_ADC_TIM_init</name>
         <load_address>0x548c</load_address>
         <readonly>true</readonly>
         <executable>true</executable>
         <run_address>0x548c</run_address>
         <size>0x50</size>
         <alignment>0x4</alignment>
         <input_file_ref idref="fl-2"/>
      </object_component>
      <object_component id="oc-15d">
         <name>.text.DL_DMA_initChannel</name>
         <load_address>0x54dc</load_address>
         <readonly>true</readonly>
         <executable>true</executable>
         <run_address>0x54dc</run_address>
         <size>0x4c</size>
         <alignment>0x4</alignment>
         <input_file_ref idref="fl-17"/>
      </object_component>
      <object_component id="oc-fa">
         <name>.text.IQ_CalcCapacitance</name>
         <load_address>0x5528</load_address>
         <readonly>true</readonly>
         <executable>true</executable>
         <run_address>0x5528</run_address>
         <size>0x4c</size>
         <alignment>0x4</alignment>
         <input_file_ref idref="fl-6"/>
      </object_component>
      <object_component id="oc-e4">
         <name>.text.snprintf</name>
         <load_address>0x5574</load_address>
         <readonly>true</readonly>
         <executable>true</executable>
         <run_address>0x5574</run_address>
         <size>0x4c</size>
         <alignment>0x4</alignment>
         <input_file_ref idref="fl-30"/>
      </object_component>
      <object_component id="oc-1be">
         <name>.text.__fixdfsi</name>
         <load_address>0x55c0</load_address>
         <readonly>true</readonly>
         <executable>true</executable>
         <run_address>0x55c0</run_address>
         <size>0x4a</size>
         <alignment>0x4</alignment>
         <input_file_ref idref="fl-106"/>
      </object_component>
      <object_component id="oc-123">
         <name>.text.DL_UART_init</name>
         <load_address>0x560c</load_address>
         <readonly>true</readonly>
         <executable>true</executable>
         <run_address>0x560c</run_address>
         <size>0x48</size>
         <alignment>0x4</alignment>
         <input_file_ref idref="fl-19"/>
      </object_component>
      <object_component id="oc-a3">
         <name>.text.state_sampling</name>
         <load_address>0x5654</load_address>
         <readonly>true</readonly>
         <executable>true</executable>
         <run_address>0x5654</run_address>
         <size>0x44</size>
         <alignment>0x4</alignment>
         <input_file_ref idref="fl-7"/>
      </object_component>
      <object_component id="oc-126">
         <name>.text.DL_ADC12_setClockConfig</name>
         <load_address>0x5698</load_address>
         <readonly>true</readonly>
         <executable>true</executable>
         <run_address>0x5698</run_address>
         <size>0x40</size>
         <alignment>0x4</alignment>
         <input_file_ref idref="fl-15"/>
      </object_component>
      <object_component id="oc-13c">
         <name>.text.__aeabi_uidivmod</name>
         <load_address>0x56d8</load_address>
         <readonly>true</readonly>
         <executable>true</executable>
         <run_address>0x56d8</run_address>
         <size>0x40</size>
         <alignment>0x4</alignment>
         <input_file_ref idref="fl-10f"/>
      </object_component>
      <object_component id="oc-df">
         <name>.text.__extendsfdf2</name>
         <load_address>0x5718</load_address>
         <readonly>true</readonly>
         <executable>true</executable>
         <run_address>0x5718</run_address>
         <size>0x40</size>
         <alignment>0x4</alignment>
         <input_file_ref idref="fl-105"/>
      </object_component>
      <object_component id="oc-188">
         <name>.text.atoi</name>
         <load_address>0x5758</load_address>
         <readonly>true</readonly>
         <executable>true</executable>
         <run_address>0x5758</run_address>
         <size>0x40</size>
         <alignment>0x4</alignment>
         <input_file_ref idref="fl-40"/>
      </object_component>
      <object_component id="oc-101">
         <name>.text.DMA_Init</name>
         <load_address>0x5798</load_address>
         <readonly>true</readonly>
         <executable>true</executable>
         <run_address>0x5798</run_address>
         <size>0x3c</size>
         <alignment>0x4</alignment>
         <input_file_ref idref="fl-4"/>
      </object_component>
      <object_component id="oc-d7">
         <name>.text.__floatsisf</name>
         <load_address>0x57d4</load_address>
         <readonly>true</readonly>
         <executable>true</executable>
         <run_address>0x57d4</run_address>
         <size>0x3c</size>
         <alignment>0x4</alignment>
         <input_file_ref idref="fl-109"/>
      </object_component>
      <object_component id="oc-af">
         <name>.text:__TI_auto_init_nobinit_nopinit</name>
         <load_address>0x5810</load_address>
         <readonly>true</readonly>
         <executable>true</executable>
         <run_address>0x5810</run_address>
         <size>0x3c</size>
         <alignment>0x4</alignment>
         <input_file_ref idref="fl-33"/>
      </object_component>
      <object_component id="oc-172">
         <name>.text.__muldsi3</name>
         <load_address>0x584c</load_address>
         <readonly>true</readonly>
         <executable>true</executable>
         <run_address>0x584c</run_address>
         <size>0x3a</size>
         <alignment>0x4</alignment>
         <input_file_ref idref="fl-101"/>
      </object_component>
      <object_component id="oc-39">
         <name>.text.ADC0_IRQHandler</name>
         <load_address>0x5888</load_address>
         <readonly>true</readonly>
         <executable>true</executable>
         <run_address>0x5888</run_address>
         <size>0x34</size>
         <alignment>0x4</alignment>
         <input_file_ref idref="fl-4"/>
      </object_component>
      <object_component id="oc-3e">
         <name>.text.ADC1_IRQHandler</name>
         <load_address>0x58bc</load_address>
         <readonly>true</readonly>
         <executable>true</executable>
         <run_address>0x58bc</run_address>
         <size>0x34</size>
         <alignment>0x4</alignment>
         <input_file_ref idref="fl-4"/>
      </object_component>
      <object_component id="oc-ca">
         <name>.text.SYSCFG_DL_SYSCTL_init</name>
         <load_address>0x58f0</load_address>
         <readonly>true</readonly>
         <executable>true</executable>
         <run_address>0x58f0</run_address>
         <size>0x30</size>
         <alignment>0x4</alignment>
         <input_file_ref idref="fl-2"/>
      </object_component>
      <object_component id="oc-95">
         <name>.text.SYSCFG_DL_init</name>
         <load_address>0x5920</load_address>
         <readonly>true</readonly>
         <executable>true</executable>
         <run_address>0x5920</run_address>
         <size>0x30</size>
         <alignment>0x4</alignment>
         <input_file_ref idref="fl-2"/>
      </object_component>
      <object_component id="oc-1d1">
         <name>.text._fcpy</name>
         <load_address>0x5950</load_address>
         <readonly>true</readonly>
         <executable>true</executable>
         <run_address>0x5950</run_address>
         <size>0x30</size>
         <alignment>0x2</alignment>
         <input_file_ref idref="fl-39"/>
      </object_component>
      <object_component id="oc-138">
         <name>.text._outs</name>
         <load_address>0x5980</load_address>
         <readonly>true</readonly>
         <executable>true</executable>
         <run_address>0x5980</run_address>
         <size>0x30</size>
         <alignment>0x2</alignment>
         <input_file_ref idref="fl-30"/>
      </object_component>
      <object_component id="oc-1c6">
         <name>.text.__floatsidf</name>
         <load_address>0x59b0</load_address>
         <readonly>true</readonly>
         <executable>true</executable>
         <run_address>0x59b0</run_address>
         <size>0x2c</size>
         <alignment>0x4</alignment>
         <input_file_ref idref="fl-108"/>
      </object_component>
      <object_component id="oc-5a">
         <name>.text:_c_int00_noargs</name>
         <load_address>0x59dc</load_address>
         <readonly>true</readonly>
         <executable>true</executable>
         <run_address>0x59dc</run_address>
         <size>0x28</size>
         <alignment>0x4</alignment>
         <input_file_ref idref="fl-31"/>
      </object_component>
      <object_component id="oc-144">
         <name>.text.__muldi3</name>
         <load_address>0x5a04</load_address>
         <readonly>true</readonly>
         <executable>true</executable>
         <run_address>0x5a04</run_address>
         <size>0x24</size>
         <alignment>0x4</alignment>
         <input_file_ref idref="fl-10a"/>
      </object_component>
      <object_component id="oc-181">
         <name>.text.memccpy</name>
         <load_address>0x5a28</load_address>
         <readonly>true</readonly>
         <executable>true</executable>
         <run_address>0x5a28</run_address>
         <size>0x22</size>
         <alignment>0x2</alignment>
         <input_file_ref idref="fl-42"/>
      </object_component>
      <object_component id="oc-1a3">
         <name>.text.__ashldi3</name>
         <load_address>0x5a4c</load_address>
         <readonly>true</readonly>
         <executable>true</executable>
         <run_address>0x5a4c</run_address>
         <size>0x1e</size>
         <alignment>0x4</alignment>
         <input_file_ref idref="fl-112"/>
      </object_component>
      <object_component id="oc-114">
         <name>.text.DL_Timer_setClockConfig</name>
         <load_address>0x5a6c</load_address>
         <readonly>true</readonly>
         <executable>true</executable>
         <run_address>0x5a6c</run_address>
         <size>0x1c</size>
         <alignment>0x4</alignment>
         <input_file_ref idref="fl-18"/>
      </object_component>
      <object_component id="oc-12e">
         <name>.text.SYSCFG_DL_DMA_UR_init</name>
         <load_address>0x5a88</load_address>
         <readonly>true</readonly>
         <executable>true</executable>
         <run_address>0x5a88</run_address>
         <size>0x18</size>
         <alignment>0x4</alignment>
         <input_file_ref idref="fl-2"/>
      </object_component>
      <object_component id="oc-12f">
         <name>.text.SYSCFG_DL_DMA_UX_init</name>
         <load_address>0x5aa0</load_address>
         <readonly>true</readonly>
         <executable>true</executable>
         <run_address>0x5aa0</run_address>
         <size>0x18</size>
         <alignment>0x4</alignment>
         <input_file_ref idref="fl-2"/>
      </object_component>
      <object_component id="oc-139">
         <name>.text._outc</name>
         <load_address>0x5ab8</load_address>
         <readonly>true</readonly>
         <executable>true</executable>
         <run_address>0x5ab8</run_address>
         <size>0x18</size>
         <alignment>0x2</alignment>
         <input_file_ref idref="fl-30"/>
      </object_component>
      <object_component id="oc-51">
         <name>.text:decompress:ZI:__TI_zero_init_nomemset</name>
         <load_address>0x5ad0</load_address>
         <readonly>true</readonly>
         <executable>true</executable>
         <run_address>0x5ad0</run_address>
         <size>0x16</size>
         <alignment>0x2</alignment>
         <input_file_ref idref="fl-36"/>
      </object_component>
      <object_component id="oc-148">
         <name>.text.__aeabi_uldivmod</name>
         <load_address>0x5ae8</load_address>
         <readonly>true</readonly>
         <executable>true</executable>
         <run_address>0x5ae8</run_address>
         <size>0x14</size>
         <alignment>0x4</alignment>
         <input_file_ref idref="fl-110"/>
      </object_component>
      <object_component id="oc-1cf">
         <name>.text.strchr</name>
         <load_address>0x5afc</load_address>
         <readonly>true</readonly>
         <executable>true</executable>
         <run_address>0x5afc</run_address>
         <size>0x14</size>
         <alignment>0x2</alignment>
         <input_file_ref idref="fl-39"/>
      </object_component>
      <object_component id="oc-11d">
         <name>.text.DL_UART_setClockConfig</name>
         <load_address>0x5b10</load_address>
         <readonly>true</readonly>
         <executable>true</executable>
         <run_address>0x5b10</run_address>
         <size>0x12</size>
         <alignment>0x2</alignment>
         <input_file_ref idref="fl-19"/>
      </object_component>
      <object_component id="oc-20">
         <name>.text:decompress:none</name>
         <load_address>0x5b22</load_address>
         <readonly>true</readonly>
         <executable>true</executable>
         <run_address>0x5b22</run_address>
         <size>0x12</size>
         <alignment>0x2</alignment>
         <input_file_ref idref="fl-37"/>
      </object_component>
      <object_component id="oc-a2">
         <name>.text.state_stable_wait</name>
         <load_address>0x5b34</load_address>
         <readonly>true</readonly>
         <executable>true</executable>
         <run_address>0x5b34</run_address>
         <size>0x10</size>
         <alignment>0x4</alignment>
         <input_file_ref idref="fl-7"/>
      </object_component>
      <object_component id="oc-18c">
         <name>.text.wcslen</name>
         <load_address>0x5b44</load_address>
         <readonly>true</readonly>
         <executable>true</executable>
         <run_address>0x5b44</run_address>
         <size>0x10</size>
         <alignment>0x2</alignment>
         <input_file_ref idref="fl-46"/>
      </object_component>
      <object_component id="oc-180">
         <name>.text.__aeabi_memset</name>
         <load_address>0x5b54</load_address>
         <readonly>true</readonly>
         <executable>true</executable>
         <run_address>0x5b54</run_address>
         <size>0xe</size>
         <alignment>0x4</alignment>
         <input_file_ref idref="fl-10e"/>
      </object_component>
      <object_component id="oc-17f">
         <name>.text.strlen</name>
         <load_address>0x5b62</load_address>
         <readonly>true</readonly>
         <executable>true</executable>
         <run_address>0x5b62</run_address>
         <size>0xe</size>
         <alignment>0x2</alignment>
         <input_file_ref idref="fl-39"/>
      </object_component>
      <object_component id="oc-d0">
         <name>.text.SYSCFG_DL_DMA_init</name>
         <load_address>0x5b70</load_address>
         <readonly>true</readonly>
         <executable>true</executable>
         <run_address>0x5b70</run_address>
         <size>0xc</size>
         <alignment>0x2</alignment>
         <input_file_ref idref="fl-2"/>
      </object_component>
      <object_component id="oc-61">
         <name>.text.DL_Common_delayCycles</name>
         <load_address>0x5b7c</load_address>
         <readonly>true</readonly>
         <executable>true</executable>
         <run_address>0x5b7c</run_address>
         <size>0xa</size>
         <alignment>0x2</alignment>
         <input_file_ref idref="fl-16"/>
      </object_component>
      <object_component id="oc-1ca">
         <name>.text.OUTLINED_FUNCTION_0</name>
         <load_address>0x5b86</load_address>
         <readonly>true</readonly>
         <executable>true</executable>
         <run_address>0x5b86</run_address>
         <size>0xa</size>
         <alignment>0x2</alignment>
         <input_file_ref idref="fl-39"/>
      </object_component>
      <object_component id="oc-242">
         <name>.tramp.__aeabi_dsub.1</name>
         <load_address>0x5b90</load_address>
         <readonly>true</readonly>
         <executable>true</executable>
         <run_address>0x5b90</run_address>
         <size>0x10</size>
         <alignment>0x4</alignment>
         <input_file_ref idref="fl-ff"/>
      </object_component>
      <object_component id="oc-1e4">
         <name>.text.OUTLINED_FUNCTION_1</name>
         <load_address>0x5ba0</load_address>
         <readonly>true</readonly>
         <executable>true</executable>
         <run_address>0x5ba0</run_address>
         <size>0xa</size>
         <alignment>0x2</alignment>
         <input_file_ref idref="fl-39"/>
      </object_component>
      <object_component id="oc-190">
         <name>.text.__aeabi_errno_addr</name>
         <load_address>0x5bac</load_address>
         <readonly>true</readonly>
         <executable>true</executable>
         <run_address>0x5bac</run_address>
         <size>0x8</size>
         <alignment>0x4</alignment>
         <input_file_ref idref="fl-3a"/>
      </object_component>
      <object_component id="oc-4a">
         <name>.text.__aeabi_memcpy</name>
         <load_address>0x5bb4</load_address>
         <readonly>true</readonly>
         <executable>true</executable>
         <run_address>0x5bb4</run_address>
         <size>0x8</size>
         <alignment>0x4</alignment>
         <input_file_ref idref="fl-10d"/>
      </object_component>
      <object_component id="oc-a8">
         <name>.text:abort</name>
         <load_address>0x5bbc</load_address>
         <readonly>true</readonly>
         <executable>true</executable>
         <run_address>0x5bbc</run_address>
         <size>0x6</size>
         <alignment>0x2</alignment>
         <input_file_ref idref="fl-3b"/>
      </object_component>
      <object_component id="oc-103">
         <name>.text.HOSTexit</name>
         <load_address>0x5bc2</load_address>
         <readonly>true</readonly>
         <executable>true</executable>
         <run_address>0x5bc2</run_address>
         <size>0x4</size>
         <alignment>0x2</alignment>
         <input_file_ref idref="fl-ef"/>
      </object_component>
      <object_component id="oc-2f">
         <name>.text.Reset_Handler</name>
         <load_address>0x5bc6</load_address>
         <readonly>true</readonly>
         <executable>true</executable>
         <run_address>0x5bc6</run_address>
         <size>0x4</size>
         <alignment>0x2</alignment>
         <input_file_ref idref="fl-3"/>
      </object_component>
      <object_component id="oc-76">
         <name>.text._system_pre_init</name>
         <load_address>0x5bca</load_address>
         <readonly>true</readonly>
         <executable>true</executable>
         <run_address>0x5bca</run_address>
         <size>0x4</size>
         <alignment>0x2</alignment>
         <input_file_ref idref="fl-34"/>
      </object_component>
      <object_component id="oc-23c">
         <name>__TI_handler_table</name>
         <load_address>0x5e70</load_address>
         <readonly>true</readonly>
         <run_address>0x5e70</run_address>
         <size>0xc</size>
         <alignment>0x4</alignment>
      </object_component>
      <object_component id="oc-23f">
         <name>.cinit..bss.load</name>
         <load_address>0x5e7c</load_address>
         <readonly>true</readonly>
         <run_address>0x5e7c</run_address>
         <size>0x8</size>
         <alignment>0x4</alignment>
      </object_component>
      <object_component id="oc-23e">
         <name>.cinit..data.load</name>
         <load_address>0x5e84</load_address>
         <readonly>true</readonly>
         <run_address>0x5e84</run_address>
         <size>0x8</size>
         <alignment>0x1</alignment>
      </object_component>
      <object_component id="oc-23d">
         <name>__TI_cinit_table</name>
         <load_address>0x5e8c</load_address>
         <readonly>true</readonly>
         <run_address>0x5e8c</run_address>
         <size>0x10</size>
         <alignment>0x4</alignment>
      </object_component>
      <object_component id="oc-1ab">
         <name>.rodata:__aeabi_ctype_table_</name>
         <load_address>0x5bd0</load_address>
         <readonly>true</readonly>
         <run_address>0x5bd0</run_address>
         <size>0x101</size>
         <alignment>0x10</alignment>
         <input_file_ref idref="fl-4c"/>
      </object_component>
      <object_component id="oc-141">
         <name>.rodata.IQ_cos_table</name>
         <load_address>0x5cd2</load_address>
         <readonly>true</readonly>
         <run_address>0x5cd2</run_address>
         <size>0x50</size>
         <alignment>0x2</alignment>
         <input_file_ref idref="fl-6"/>
      </object_component>
      <object_component id="oc-140">
         <name>.rodata.IQ_sin_table</name>
         <load_address>0x5d22</load_address>
         <readonly>true</readonly>
         <run_address>0x5d22</run_address>
         <size>0x50</size>
         <alignment>0x2</alignment>
         <input_file_ref idref="fl-6"/>
      </object_component>
      <object_component id="oc-124">
         <name>.rodata.gUART_ADCClockConfig</name>
         <load_address>0x5d72</load_address>
         <readonly>true</readonly>
         <run_address>0x5d72</run_address>
         <size>0x2</size>
         <alignment>0x1</alignment>
         <input_file_ref idref="fl-2"/>
      </object_component>
      <object_component id="oc-161">
         <name>.rodata.gDMA_URConfig</name>
         <load_address>0x5d74</load_address>
         <readonly>true</readonly>
         <run_address>0x5d74</run_address>
         <size>0x18</size>
         <alignment>0x4</alignment>
         <input_file_ref idref="fl-2"/>
      </object_component>
      <object_component id="oc-162">
         <name>.rodata.gDMA_UXConfig</name>
         <load_address>0x5d8c</load_address>
         <readonly>true</readonly>
         <run_address>0x5d8c</run_address>
         <size>0x18</size>
         <alignment>0x4</alignment>
         <input_file_ref idref="fl-2"/>
      </object_component>
      <object_component id="oc-11c">
         <name>.rodata.gADC_TIMTimerConfig</name>
         <load_address>0x5da4</load_address>
         <readonly>true</readonly>
         <run_address>0x5da4</run_address>
         <size>0x14</size>
         <alignment>0x4</alignment>
         <input_file_ref idref="fl-2"/>
      </object_component>
      <object_component id="oc-f2">
         <name>.rodata.str1.7783977920663782243.1</name>
         <load_address>0x5db8</load_address>
         <readonly>true</readonly>
         <run_address>0x5db8</run_address>
         <size>0x12</size>
         <alignment>0x1</alignment>
         <input_file_ref idref="fl-7"/>
      </object_component>
      <object_component id="oc-195">
         <name>.rodata.str1.10348868589481759720.1</name>
         <load_address>0x5dca</load_address>
         <readonly>true</readonly>
         <run_address>0x5dca</run_address>
         <size>0x11</size>
         <alignment>0x1</alignment>
         <input_file_ref idref="fl-39"/>
      </object_component>
      <object_component id="oc-185">
         <name>.rodata.str1.15363888844622738466.1</name>
         <load_address>0x5ddb</load_address>
         <readonly>true</readonly>
         <run_address>0x5ddb</run_address>
         <size>0x11</size>
         <alignment>0x1</alignment>
         <input_file_ref idref="fl-39"/>
      </object_component>
      <object_component id="oc-f1">
         <name>.rodata.str1.3615741838494085195.1</name>
         <load_address>0x5dec</load_address>
         <readonly>true</readonly>
         <run_address>0x5dec</run_address>
         <size>0x10</size>
         <alignment>0x1</alignment>
         <input_file_ref idref="fl-7"/>
      </object_component>
      <object_component id="oc-102">
         <name>.rodata.str1.9761960168339799149.1</name>
         <load_address>0x5dfc</load_address>
         <readonly>true</readonly>
         <run_address>0x5dfc</run_address>
         <size>0x10</size>
         <alignment>0x1</alignment>
         <input_file_ref idref="fl-7"/>
      </object_component>
      <object_component id="oc-fb">
         <name>.rodata.str1.4156000684612560153.1</name>
         <load_address>0x5e0c</load_address>
         <readonly>true</readonly>
         <run_address>0x5e0c</run_address>
         <size>0xf</size>
         <alignment>0x1</alignment>
         <input_file_ref idref="fl-7"/>
      </object_component>
      <object_component id="oc-f0">
         <name>.rodata.str1.7302003653212978095.1</name>
         <load_address>0x5e1b</load_address>
         <readonly>true</readonly>
         <run_address>0x5e1b</run_address>
         <size>0xf</size>
         <alignment>0x1</alignment>
         <input_file_ref idref="fl-7"/>
      </object_component>
      <object_component id="oc-ed">
         <name>.rodata.str1.14671951007205277687.1</name>
         <load_address>0x5e2a</load_address>
         <readonly>true</readonly>
         <run_address>0x5e2a</run_address>
         <size>0xb</size>
         <alignment>0x1</alignment>
         <input_file_ref idref="fl-7"/>
      </object_component>
      <object_component id="oc-ee">
         <name>.rodata.str1.15581876484739034518.1</name>
         <load_address>0x5e35</load_address>
         <readonly>true</readonly>
         <run_address>0x5e35</run_address>
         <size>0xb</size>
         <alignment>0x1</alignment>
         <input_file_ref idref="fl-7"/>
      </object_component>
      <object_component id="oc-125">
         <name>.rodata.gUART_ADCConfig</name>
         <load_address>0x5e40</load_address>
         <readonly>true</readonly>
         <run_address>0x5e40</run_address>
         <size>0xa</size>
         <alignment>0x2</alignment>
         <input_file_ref idref="fl-2"/>
      </object_component>
      <object_component id="oc-ec">
         <name>.rodata.str1.11921515228961262368.1</name>
         <load_address>0x5e4a</load_address>
         <readonly>true</readonly>
         <run_address>0x5e4a</run_address>
         <size>0xa</size>
         <alignment>0x1</alignment>
         <input_file_ref idref="fl-7"/>
      </object_component>
      <object_component id="oc-12c">
         <name>.rodata.gADC_URClockConfig</name>
         <load_address>0x5e54</load_address>
         <readonly>true</readonly>
         <run_address>0x5e54</run_address>
         <size>0x8</size>
         <alignment>0x4</alignment>
         <input_file_ref idref="fl-2"/>
      </object_component>
      <object_component id="oc-12d">
         <name>.rodata.gADC_UXClockConfig</name>
         <load_address>0x5e5c</load_address>
         <readonly>true</readonly>
         <run_address>0x5e5c</run_address>
         <size>0x8</size>
         <alignment>0x4</alignment>
         <input_file_ref idref="fl-2"/>
      </object_component>
      <object_component id="oc-ef">
         <name>.rodata.str1.8529644000359469957.1</name>
         <load_address>0x5e64</load_address>
         <readonly>true</readonly>
         <run_address>0x5e64</run_address>
         <size>0x8</size>
         <alignment>0x1</alignment>
         <input_file_ref idref="fl-7"/>
      </object_component>
      <object_component id="oc-11b">
         <name>.rodata.gADC_TIMClockConfig</name>
         <load_address>0x5e6c</load_address>
         <readonly>true</readonly>
         <run_address>0x5e6c</run_address>
         <size>0x3</size>
         <alignment>0x1</alignment>
         <input_file_ref idref="fl-2"/>
      </object_component>
      <object_component id="oc-204">
         <name>.binit</name>
         <load_address>0x0</load_address>
         <readonly>true</readonly>
         <run_address>0x0</run_address>
         <size>0x0</size>
         <alignment>0x4</alignment>
      </object_component>
      <object_component id="oc-68">
         <name>.data.UR_complete</name>
         <load_address>0x20200378</load_address>
         <readwrite>true</readwrite>
         <run_address>0x20200378</run_address>
         <size>0x1</size>
         <alignment>0x1</alignment>
         <input_file_ref idref="fl-4"/>
      </object_component>
      <object_component id="oc-6c">
         <name>.data.UX_complete</name>
         <load_address>0x20200379</load_address>
         <readwrite>true</readwrite>
         <run_address>0x20200379</run_address>
         <size>0x1</size>
         <alignment>0x1</alignment>
         <input_file_ref idref="fl-4"/>
      </object_component>
      <object_component id="oc-136">
         <name>.data.fontaddr</name>
         <load_address>0x20200374</load_address>
         <readwrite>true</readwrite>
         <run_address>0x20200374</run_address>
         <size>0x4</size>
         <alignment>0x4</alignment>
         <input_file_ref idref="fl-5"/>
      </object_component>
      <object_component id="oc-65">
         <name>.data.state</name>
         <load_address>0x2020037a</load_address>
         <readwrite>true</readwrite>
         <run_address>0x2020037a</run_address>
         <size>0x1</size>
         <alignment>0x1</alignment>
         <input_file_ref idref="fl-7"/>
      </object_component>
      <object_component id="oc-1b2">
         <name>.data.__aeabi_errno</name>
         <load_address>0x20200370</load_address>
         <readwrite>true</readwrite>
         <run_address>0x20200370</run_address>
         <size>0x4</size>
         <alignment>0x4</alignment>
         <input_file_ref idref="fl-3a"/>
      </object_component>
      <object_component id="oc-fd">
         <name>.bss.UX_IQ</name>
         <uninitialized>true</uninitialized>
         <readwrite>true</readwrite>
         <run_address>0x20200350</run_address>
         <size>0x10</size>
         <alignment>0x8</alignment>
         <input_file_ref idref="fl-7"/>
      </object_component>
      <object_component id="oc-ff">
         <name>.bss.UR_IQ</name>
         <uninitialized>true</uninitialized>
         <readwrite>true</readwrite>
         <run_address>0x20200340</run_address>
         <size>0x10</size>
         <alignment>0x8</alignment>
         <input_file_ref idref="fl-7"/>
      </object_component>
      <object_component id="oc-100">
         <name>.bss.Z_Data</name>
         <uninitialized>true</uninitialized>
         <readwrite>true</readwrite>
         <run_address>0x20200368</run_address>
         <size>0x8</size>
         <alignment>0x8</alignment>
         <input_file_ref idref="fl-7"/>
      </object_component>
      <object_component id="oc-ea">
         <name>.bss.C_Data</name>
         <uninitialized>true</uninitialized>
         <readwrite>true</readwrite>
         <run_address>0x20200360</run_address>
         <size>0x8</size>
         <alignment>0x8</alignment>
         <input_file_ref idref="fl-7"/>
      </object_component>
      <object_component id="oc-d1">
         <name>.common:gADC_TIMBackup</name>
         <uninitialized>true</uninitialized>
         <readwrite>true</readwrite>
         <run_address>0x20200200</run_address>
         <size>0xbc</size>
         <alignment>0x4</alignment>
      </object_component>
      <object_component id="oc-fe">
         <name>.common:UR_data</name>
         <uninitialized>true</uninitialized>
         <readwrite>true</readwrite>
         <run_address>0x20200000</run_address>
         <size>0x100</size>
         <alignment>0x2</alignment>
      </object_component>
      <object_component id="oc-fc">
         <name>.common:UX_data</name>
         <uninitialized>true</uninitialized>
         <readwrite>true</readwrite>
         <run_address>0x20200100</run_address>
         <size>0x100</size>
         <alignment>0x2</alignment>
      </object_component>
      <object_component id="oc-eb">
         <name>.common:message</name>
         <uninitialized>true</uninitialized>
         <readwrite>true</readwrite>
         <run_address>0x202002bc</run_address>
         <size>0x80</size>
         <alignment>0x1</alignment>
      </object_component>
      <object_component id="oc-1a">
         <name>.stack</name>
         <uninitialized>true</uninitialized>
         <readwrite>true</readwrite>
         <run_address>0x20207e00</run_address>
         <size>0x4</size>
         <alignment>0x4</alignment>
         <input_file_ref idref="fl-31"/>
      </object_component>
      <object_component id="oc-241">
         <name>.stack</name>
         <uninitialized>true</uninitialized>
         <readwrite>true</readwrite>
         <run_address>0x20207e00</run_address>
         <size>0x0</size>
         <alignment>0x8</alignment>
      </object_component>
      <object_component id="oc-a6">
         <name>.debug_abbrev</name>
         <load_address>0x0</load_address>
         <run_address>0x0</run_address>
         <size>0x108</size>
         <alignment>0x1</alignment>
         <input_file_ref idref="fl-1"/>
      </object_component>
      <object_component id="oc-d2">
         <name>.debug_abbrev</name>
         <load_address>0x108</load_address>
         <run_address>0x108</run_address>
         <size>0x218</size>
         <alignment>0x1</alignment>
         <input_file_ref idref="fl-2"/>
      </object_component>
      <object_component id="oc-3f">
         <name>.debug_abbrev</name>
         <load_address>0x320</load_address>
         <run_address>0x320</run_address>
         <size>0x6d</size>
         <alignment>0x1</alignment>
         <input_file_ref idref="fl-3"/>
      </object_component>
      <object_component id="oc-69">
         <name>.debug_abbrev</name>
         <load_address>0x38d</load_address>
         <run_address>0x38d</run_address>
         <size>0x133</size>
         <alignment>0x1</alignment>
         <input_file_ref idref="fl-4"/>
      </object_component>
      <object_component id="oc-d5">
         <name>.debug_abbrev</name>
         <load_address>0x4c0</load_address>
         <run_address>0x4c0</run_address>
         <size>0x2dd</size>
         <alignment>0x1</alignment>
         <input_file_ref idref="fl-5"/>
      </object_component>
      <object_component id="oc-142">
         <name>.debug_abbrev</name>
         <load_address>0x79d</load_address>
         <run_address>0x79d</run_address>
         <size>0xce</size>
         <alignment>0x1</alignment>
         <input_file_ref idref="fl-6"/>
      </object_component>
      <object_component id="oc-66">
         <name>.debug_abbrev</name>
         <load_address>0x86b</load_address>
         <run_address>0x86b</run_address>
         <size>0x164</size>
         <alignment>0x1</alignment>
         <input_file_ref idref="fl-7"/>
      </object_component>
      <object_component id="oc-15b">
         <name>.debug_abbrev</name>
         <load_address>0x9cf</load_address>
         <run_address>0x9cf</run_address>
         <size>0x171</size>
         <alignment>0x1</alignment>
         <input_file_ref idref="fl-15"/>
      </object_component>
      <object_component id="oc-88">
         <name>.debug_abbrev</name>
         <load_address>0xb40</load_address>
         <run_address>0xb40</run_address>
         <size>0x62</size>
         <alignment>0x1</alignment>
         <input_file_ref idref="fl-16"/>
      </object_component>
      <object_component id="oc-17c">
         <name>.debug_abbrev</name>
         <load_address>0xba2</load_address>
         <run_address>0xba2</run_address>
         <size>0x180</size>
         <alignment>0x1</alignment>
         <input_file_ref idref="fl-17"/>
      </object_component>
      <object_component id="oc-157">
         <name>.debug_abbrev</name>
         <load_address>0xd22</load_address>
         <run_address>0xd22</run_address>
         <size>0x286</size>
         <alignment>0x1</alignment>
         <input_file_ref idref="fl-18"/>
      </object_component>
      <object_component id="oc-159">
         <name>.debug_abbrev</name>
         <load_address>0xfa8</load_address>
         <run_address>0xfa8</run_address>
         <size>0x29b</size>
         <alignment>0x1</alignment>
         <input_file_ref idref="fl-19"/>
      </object_component>
      <object_component id="oc-13a">
         <name>.debug_abbrev</name>
         <load_address>0x1243</load_address>
         <run_address>0x1243</run_address>
         <size>0xf7</size>
         <alignment>0x1</alignment>
         <input_file_ref idref="fl-30"/>
      </object_component>
      <object_component id="oc-41">
         <name>.debug_abbrev</name>
         <load_address>0x133a</load_address>
         <run_address>0x133a</run_address>
         <size>0xaf</size>
         <alignment>0x1</alignment>
         <input_file_ref idref="fl-31"/>
      </object_component>
      <object_component id="oc-10d">
         <name>.debug_abbrev</name>
         <load_address>0x13e9</load_address>
         <run_address>0x13e9</run_address>
         <size>0x170</size>
         <alignment>0x1</alignment>
         <input_file_ref idref="fl-33"/>
      </object_component>
      <object_component id="oc-93">
         <name>.debug_abbrev</name>
         <load_address>0x1559</load_address>
         <run_address>0x1559</run_address>
         <size>0x39</size>
         <alignment>0x1</alignment>
         <input_file_ref idref="fl-34"/>
      </object_component>
      <object_component id="oc-6f">
         <name>.debug_abbrev</name>
         <load_address>0x1592</load_address>
         <run_address>0x1592</run_address>
         <size>0xc2</size>
         <alignment>0x1</alignment>
         <input_file_ref idref="fl-36"/>
      </object_component>
      <object_component id="oc-4e">
         <name>.debug_abbrev</name>
         <load_address>0x1654</load_address>
         <run_address>0x1654</run_address>
         <size>0x70</size>
         <alignment>0x1</alignment>
         <input_file_ref idref="fl-37"/>
      </object_component>
      <object_component id="oc-46">
         <name>.debug_abbrev</name>
         <load_address>0x16c4</load_address>
         <run_address>0x16c4</run_address>
         <size>0x8d</size>
         <alignment>0x1</alignment>
         <input_file_ref idref="fl-38"/>
      </object_component>
      <object_component id="oc-186">
         <name>.debug_abbrev</name>
         <load_address>0x1751</load_address>
         <run_address>0x1751</run_address>
         <size>0x2a3</size>
         <alignment>0x1</alignment>
         <input_file_ref idref="fl-39"/>
      </object_component>
      <object_component id="oc-1b3">
         <name>.debug_abbrev</name>
         <load_address>0x19f4</load_address>
         <run_address>0x19f4</run_address>
         <size>0x148</size>
         <alignment>0x1</alignment>
         <input_file_ref idref="fl-3a"/>
      </object_component>
      <object_component id="oc-107">
         <name>.debug_abbrev</name>
         <load_address>0x1b3c</load_address>
[...]
         <value>0x407b</value>
         <object_component_ref idref="oc-33"/>
      </symbol>
      <symbol id="sm-a3">
         <name>I2C0_IRQHandler</name>
         <value>0x407b</value>
         <object_component_ref idref="oc-33"/>
      </symbol>
      <symbol id="sm-a4">
         <name>I2C1_IRQHandler</name>
         <value>0x407b</value>
         <object_component_ref idref="oc-33"/>
      </symbol>
      <symbol id="sm-a5">
         <name>AES_IRQHandler</name>
         <value>0x407b</value>
         <object_component_ref idref="oc-33"/>
      </symbol>
      <symbol id="sm-a6">
         <name>RTC_IRQHandler</name>
         <value>0x407b</value>
         <object_component_ref idref="oc-33"/>
      </symbol>
      <symbol id="sm-a7">
         <name>DMA_IRQHandler</name>
         <value>0x407b</value>
         <object_component_ref idref="oc-33"/>
      </symbol>
      <symbol id="sm-b8">
         <name>DMA_Init</name>
         <value>0x5799</value>
         <object_component_ref idref="oc-101"/>
      </symbol>
      <symbol id="sm-b9">
         <name>UR_data</name>
         <value>0x20200000</value>
      </symbol>
      <symbol id="sm-ba">
         <name>UX_data</name>
         <value>0x20200100</value>
      </symbol>
      <symbol id="sm-bb">
         <name>ADC0_IRQHandler</name>
         <value>0x5889</value>
         <object_component_ref idref="oc-39"/>
      </symbol>
      <symbol id="sm-bc">
         <name>UR_complete</name>
         <value>0x20200378</value>
         <object_component_ref idref="oc-68"/>
      </symbol>
      <symbol id="sm-bd">
         <name>ADC1_IRQHandler</name>
         <value>0x58bd</value>
         <object_component_ref idref="oc-3e"/>
      </symbol>
      <symbol id="sm-be">
         <name>UX_complete</name>
         <value>0x20200379</value>
         <object_component_ref idref="oc-6c"/>
      </symbol>
      <symbol id="sm-bf">
         <name>message</name>
         <value>0x202002bc</value>
      </symbol>
      <symbol id="sm-101">
         <name>OLED_Init</name>
         <value>0xc1</value>
         <object_component_ref idref="oc-9a"/>
      </symbol>
      <symbol id="sm-102">
         <name>OLED_Clear</name>
         <value>0x2aa5</value>
         <object_component_ref idref="oc-a0"/>
      </symbol>
      <symbol id="sm-103">
         <name>OLED_DisplayTurn</name>
         <value>0x3021</value>
         <object_component_ref idref="oc-d4"/>
      </symbol>
      <symbol id="sm-104">
         <name>OLED_address</name>
         <value>0x3401</value>
         <object_component_ref idref="oc-163"/>
      </symbol>
      <symbol id="sm-105">
         <name>OLED_Display_16x16</name>
         <value>0x3ba1</value>
         <object_component_ref idref="oc-134"/>
      </symbol>
      <symbol id="sm-106">
         <name>OLED_Display_8x16</name>
         <value>0x3d45</value>
         <object_component_ref idref="oc-135"/>
      </symbol>
      <symbol id="sm-107">
         <name>OLED_get_data_from_ROM</name>
         <value>0x2421</value>
         <object_component_ref idref="oc-133"/>
      </symbol>
      <symbol id="sm-108">
         <name>OLED_Display_GB2312_string</name>
         <value>0x4605</value>
         <object_component_ref idref="oc-e3"/>
      </symbol>
      <symbol id="sm-109">
         <name>fontaddr</name>
         <value>0x20200374</value>
         <object_component_ref idref="oc-136"/>
      </symbol>
      <symbol id="sm-11a">
         <name>IQ_Demodulate</name>
         <value>0x4cb5</value>
         <object_component_ref idref="oc-f3"/>
      </symbol>
      <symbol id="sm-11b">
         <name>IQ_sin_table</name>
         <value>0x5d22</value>
         <object_component_ref idref="oc-140"/>
      </symbol>
      <symbol id="sm-11c">
         <name>IQ_cos_table</name>
         <value>0x5cd2</value>
         <object_component_ref idref="oc-141"/>
      </symbol>
      <symbol id="sm-11d">
         <name>IQ_CalcImpedance</name>
         <value>0x41b9</value>
         <object_component_ref idref="oc-f9"/>
      </symbol>
      <symbol id="sm-11e">
         <name>IQ_CalcCapacitance</name>
         <value>0x5529</value>
         <object_component_ref idref="oc-fa"/>
      </symbol>
      <symbol id="sm-148">
         <name>state_stable_wait</name>
         <value>0x5b35</value>
         <object_component_ref idref="oc-a2"/>
      </symbol>
      <symbol id="sm-149">
         <name>state_init_sampling</name>
         <value>0x53e5</value>
         <object_component_ref idref="oc-a5"/>
      </symbol>
      <symbol id="sm-14a">
         <name>state</name>
         <value>0x2020037a</value>
         <object_component_ref idref="oc-65"/>
      </symbol>
      <symbol id="sm-14b">
         <name>state_sampling</name>
         <value>0x5655</value>
         <object_component_ref idref="oc-a3"/>
      </symbol>
      <symbol id="sm-14c">
         <name>state_calc</name>
         <value>0x4985</value>
         <object_component_ref idref="oc-a4"/>
      </symbol>
      <symbol id="sm-14d">
         <name>state_showresult</name>
         <value>0x47cd</value>
         <object_component_ref idref="oc-a1"/>
      </symbol>
      <symbol id="sm-14e">
         <name>GROUP1_IRQHandler</name>
         <value>0x51c9</value>
         <object_component_ref idref="oc-34"/>
      </symbol>
      <symbol id="sm-14f">
         <name>__TI_ATRegion0_src_addr</name>
         <value>0x0</value>
      </symbol>
      <symbol id="sm-150">
         <name>__TI_ATRegion0_trg_addr</name>
         <value>0x0</value>
      </symbol>
      <symbol id="sm-151">
         <name>__TI_ATRegion0_region_sz</name>
         <value>0x0</value>
      </symbol>
      <symbol id="sm-152">
         <name>__TI_ATRegion1_src_addr</name>
         <value>0x0</value>
      </symbol>
      <symbol id="sm-153">
         <name>__TI_ATRegion1_trg_addr</name>
         <value>0x0</value>
      </symbol>
      <symbol id="sm-154">
         <name>__TI_ATRegion1_region_sz</name>
         <value>0x0</value>
      </symbol>
      <symbol id="sm-155">
         <name>__TI_ATRegion2_src_addr</name>
         <value>0x0</value>
      </symbol>
      <symbol id="sm-156">
         <name>__TI_ATRegion2_trg_addr</name>
         <value>0x0</value>
      </symbol>
      <symbol id="sm-157">
         <name>__TI_ATRegion2_region_sz</name>
         <value>0x0</value>
      </symbol>
      <symbol id="sm-162">
         <name>DL_ADC12_setClockConfig</name>
         <value>0x5699</value>
         <object_component_ref idref="oc-126"/>
      </symbol>
      <symbol id="sm-16b">
         <name>DL_Common_delayCycles</name>
         <value>0x5b7d</value>
         <object_component_ref idref="oc-61"/>
      </symbol>
      <symbol id="sm-175">
         <name>DL_DMA_initChannel</name>
         <value>0x54dd</value>
         <object_component_ref idref="oc-15d"/>
      </symbol>
      <symbol id="sm-185">
         <name>DL_Timer_setClockConfig</name>
         <value>0x5a6d</value>
         <object_component_ref idref="oc-114"/>
      </symbol>
      <symbol id="sm-186">
         <name>DL_Timer_initTimerMode</name>
         <value>0x4509</value>
         <object_component_ref idref="oc-11a"/>
      </symbol>
      <symbol id="sm-193">
         <name>DL_UART_init</name>
         <value>0x560d</value>
         <object_component_ref idref="oc-123"/>
      </symbol>
      <symbol id="sm-194">
         <name>DL_UART_setClockConfig</name>
         <value>0x5b11</value>
         <object_component_ref idref="oc-11d"/>
      </symbol>
      <symbol id="sm-1a5">
         <name>snprintf</name>
         <value>0x5575</value>
         <object_component_ref idref="oc-e4"/>
      </symbol>
      <symbol id="sm-1b0">
         <name>_c_int00_noargs</name>
         <value>0x59dd</value>
         <object_component_ref idref="oc-5a"/>
      </symbol>
      <symbol id="sm-1b1">
         <name>__stack</name>
         <value>0x20207e00</value>
         <object_component_ref idref="oc-1a"/>
      </symbol>
      <symbol id="sm-1bd">
         <name>__TI_auto_init_nobinit_nopinit</name>
         <value>0x5811</value>
         <object_component_ref idref="oc-af"/>
      </symbol>
      <symbol id="sm-1c5">
         <name>_system_pre_init</name>
         <value>0x5bcb</value>
         <object_component_ref idref="oc-76"/>
      </symbol>
      <symbol id="sm-1d0">
         <name>__TI_zero_init_nomemset</name>
         <value>0x5ad1</value>
         <object_component_ref idref="oc-51"/>
      </symbol>
      <symbol id="sm-1d9">
         <name>__TI_decompress_none</name>
         <value>0x5b23</value>
         <object_component_ref idref="oc-20"/>
      </symbol>
      <symbol id="sm-1e4">
         <name>__TI_decompress_lzss</name>
         <value>0x4ee1</value>
         <object_component_ref idref="oc-1c"/>
      </symbol>
      <symbol id="sm-22d">
         <name>__TI_printfi</name>
         <value>0x1a51</value>
         <object_component_ref idref="oc-16b"/>
      </symbol>
      <symbol id="sm-238">
         <name>__aeabi_errno_addr</name>
         <value>0x5bad</value>
         <object_component_ref idref="oc-190"/>
      </symbol>
      <symbol id="sm-239">
         <name>__aeabi_errno</name>
         <value>0x20200370</value>
         <object_component_ref idref="oc-1b2"/>
      </symbol>
      <symbol id="sm-243">
         <name>abort</name>
         <value>0x5bbd</value>
         <object_component_ref idref="oc-a8"/>
      </symbol>
      <symbol id="sm-24d">
         <name>__TI_ltoa</name>
         <value>0x52dd</value>
         <object_component_ref idref="oc-1c2"/>
      </symbol>
      <symbol id="sm-259">
         <name>atoi</name>
         <value>0x5759</value>
         <object_component_ref idref="oc-188"/>
      </symbol>
      <symbol id="sm-263">
         <name>memccpy</name>
         <value>0x5a29</value>
         <object_component_ref idref="oc-181"/>
      </symbol>
      <symbol id="sm-26e">
         <name>frexp</name>
         <value>0x5225</value>
         <object_component_ref idref="oc-1b6"/>
      </symbol>
      <symbol id="sm-26f">
         <name>frexpl</name>
         <value>0x5225</value>
         <object_component_ref idref="oc-1b6"/>
      </symbol>
      <symbol id="sm-279">
         <name>scalbn</name>
         <value>0x48ad</value>
         <object_component_ref idref="oc-1ba"/>
      </symbol>
      <symbol id="sm-27a">
         <name>ldexp</name>
         <value>0x48ad</value>
         <object_component_ref idref="oc-1ba"/>
      </symbol>
      <symbol id="sm-27b">
         <name>scalbnl</name>
         <value>0x48ad</value>
         <object_component_ref idref="oc-1ba"/>
      </symbol>
      <symbol id="sm-27c">
         <name>ldexpl</name>
         <value>0x48ad</value>
         <object_component_ref idref="oc-1ba"/>
      </symbol>
      <symbol id="sm-285">
         <name>wcslen</name>
         <value>0x5b45</value>
         <object_component_ref idref="oc-18c"/>
      </symbol>
      <symbol id="sm-28b">
         <name>__aeabi_ctype_table_</name>
         <value>0x5bd0</value>
         <object_component_ref idref="oc-1ab"/>
      </symbol>
      <symbol id="sm-28c">
         <name>__aeabi_ctype_table_C</name>
         <value>0x5bd0</value>
         <object_component_ref idref="oc-1ab"/>
      </symbol>
      <symbol id="sm-297">
         <name>HOSTexit</name>
         <value>0x5bc3</value>
         <object_component_ref idref="oc-103"/>
      </symbol>
      <symbol id="sm-298">
         <name>C$$EXIT</name>
         <value>0x5bc2</value>
         <object_component_ref idref="oc-103"/>
      </symbol>
      <symbol id="sm-2ad">
         <name>__aeabi_dadd</name>
         <value>0x3ef3</value>
         <object_component_ref idref="oc-1df"/>
      </symbol>
      <symbol id="sm-2ae">
         <name>__adddf3</name>
         <value>0x3ef3</value>
         <object_component_ref idref="oc-1df"/>
      </symbol>
      <symbol id="sm-2af">
         <name>__aeabi_dsub</name>
         <value>0x3ee9</value>
         <object_component_ref idref="oc-1df"/>
      </symbol>
      <symbol id="sm-2b0">
         <name>__subdf3</name>
         <value>0x3ee9</value>
         <object_component_ref idref="oc-1df"/>
      </symbol>
      <symbol id="sm-2b9">
         <name>__aeabi_dmul</name>
         <value>0x46e9</value>
         <object_component_ref idref="oc-1cb"/>
      </symbol>
      <symbol id="sm-2ba">
         <name>__muldf3</name>
         <value>0x46e9</value>
         <object_component_ref idref="oc-1cb"/>
      </symbol>
      <symbol id="sm-2c0">
         <name>__muldsi3</name>
         <value>0x584d</value>
         <object_component_ref idref="oc-172"/>
      </symbol>
      <symbol id="sm-2c6">
         <name>__aeabi_fdiv</name>
         <value>0x4ddd</value>
         <object_component_ref idref="oc-db"/>
      </symbol>
      <symbol id="sm-2c7">
         <name>__divsf3</name>
         <value>0x4ddd</value>
         <object_component_ref idref="oc-db"/>
      </symbol>
      <symbol id="sm-2cd">
         <name>__aeabi_ddiv</name>
         <value>0x43fd</value>
         <object_component_ref idref="oc-1db"/>
      </symbol>
      <symbol id="sm-2ce">
         <name>__divdf3</name>
         <value>0x43fd</value>
         <object_component_ref idref="oc-1db"/>
      </symbol>
      <symbol id="sm-2d4">
         <name>__aeabi_f2d</name>
         <value>0x5719</value>
         <object_component_ref idref="oc-df"/>
      </symbol>
      <symbol id="sm-2d5">
         <name>__extendsfdf2</name>
         <value>0x5719</value>
         <object_component_ref idref="oc-df"/>
      </symbol>
      <symbol id="sm-2db">
         <name>__aeabi_d2iz</name>
         <value>0x55c1</value>
         <object_component_ref idref="oc-1be"/>
      </symbol>
      <symbol id="sm-2dc">
         <name>__fixdfsi</name>
         <value>0x55c1</value>
         <object_component_ref idref="oc-1be"/>
      </symbol>
      <symbol id="sm-2e2">
         <name>__aeabi_i2d</name>
         <value>0x59b1</value>
         <object_component_ref idref="oc-1c6"/>
      </symbol>
      <symbol id="sm-2e3">
         <name>__floatsidf</name>
         <value>0x59b1</value>
         <object_component_ref idref="oc-1c6"/>
      </symbol>
      <symbol id="sm-2e9">
         <name>__aeabi_i2f</name>
         <value>0x57d5</value>
         <object_component_ref idref="oc-d7"/>
      </symbol>
      <symbol id="sm-2ea">
         <name>__floatsisf</name>
         <value>0x57d5</value>
         <object_component_ref idref="oc-d7"/>
      </symbol>
      <symbol id="sm-2f0">
         <name>__aeabi_lmul</name>
         <value>0x5a05</value>
         <object_component_ref idref="oc-144"/>
      </symbol>
      <symbol id="sm-2f1">
         <name>__muldi3</name>
         <value>0x5a05</value>
         <object_component_ref idref="oc-144"/>
      </symbol>
      <symbol id="sm-2f7">
         <name>__aeabi_dcmpeq</name>
         <value>0x5105</value>
         <object_component_ref idref="oc-197"/>
      </symbol>
      <symbol id="sm-2f8">
         <name>__aeabi_dcmplt</name>
         <value>0x5119</value>
         <object_component_ref idref="oc-197"/>
      </symbol>
      <symbol id="sm-2f9">
         <name>__aeabi_dcmple</name>
         <value>0x512d</value>
         <object_component_ref idref="oc-197"/>
      </symbol>
      <symbol id="sm-2fa">
         <name>__aeabi_dcmpge</name>
         <value>0x5141</value>
         <object_component_ref idref="oc-197"/>
      </symbol>
      <symbol id="sm-2fb">
         <name>__aeabi_dcmpgt</name>
         <value>0x5155</value>
         <object_component_ref idref="oc-197"/>
      </symbol>
      <symbol id="sm-301">
         <name>__aeabi_idiv</name>
         <value>0x538d</value>
         <object_component_ref idref="oc-1ed"/>
      </symbol>
      <symbol id="sm-302">
         <name>__aeabi_idivmod</name>
         <value>0x538d</value>
         <object_component_ref idref="oc-1ed"/>
      </symbol>
      <symbol id="sm-308">
         <name>__aeabi_memcpy</name>
         <value>0x5bb5</value>
         <object_component_ref idref="oc-4a"/>
      </symbol>
      <symbol id="sm-309">
         <name>__aeabi_memcpy4</name>
         <value>0x5bb5</value>
         <object_component_ref idref="oc-4a"/>
      </symbol>
      <symbol id="sm-30a">
         <name>__aeabi_memcpy8</name>
         <value>0x5bb5</value>
         <object_component_ref idref="oc-4a"/>
      </symbol>
      <symbol id="sm-311">
         <name>__aeabi_memset</name>
         <value>0x5b55</value>
         <object_component_ref idref="oc-180"/>
      </symbol>
      <symbol id="sm-312">
         <name>__aeabi_memset4</name>
         <value>0x5b55</value>
         <object_component_ref idref="oc-180"/>
      </symbol>
      <symbol id="sm-313">
         <name>__aeabi_memset8</name>
         <value>0x5b55</value>
         <object_component_ref idref="oc-180"/>
      </symbol>
      <symbol id="sm-319">
         <name>__aeabi_uidiv</name>
         <value>0x56d9</value>
         <object_component_ref idref="oc-13c"/>
      </symbol>
      <symbol id="sm-31a">
         <name>__aeabi_uidivmod</name>
         <value>0x56d9</value>
         <object_component_ref idref="oc-13c"/>
      </symbol>
      <symbol id="sm-320">
         <name>__aeabi_uldivmod</name>
         <value>0x5ae9</value>
         <object_component_ref idref="oc-148"/>
      </symbol>
      <symbol id="sm-326">
         <name>__udivmoddi4</name>
         <value>0x4ad5</value>
         <object_component_ref idref="oc-177"/>
      </symbol>
      <symbol id="sm-32c">
         <name>__aeabi_llsl</name>
         <value>0x5a4d</value>
         <object_component_ref idref="oc-1a3"/>
      </symbol>
      <symbol id="sm-32d">
         <name>__ashldi3</name>
         <value>0x5a4d</value>
         <object_component_ref idref="oc-1a3"/>
      </symbol>
      <symbol id="sm-33b">
         <name>__ledf2</name>
         <value>0x4fd1</value>
         <object_component_ref idref="oc-1d3"/>
      </symbol>
      <symbol id="sm-33c">
         <name>__gedf2</name>
         <value>0x4f5d</value>
         <object_component_ref idref="oc-1d9"/>
      </symbol>
      <symbol id="sm-33d">
         <name>__cmpdf2</name>
         <value>0x4fd1</value>
         <object_component_ref idref="oc-1d3"/>
      </symbol>
      <symbol id="sm-33e">
         <name>__eqdf2</name>
         <value>0x4fd1</value>
         <object_component_ref idref="oc-1d3"/>
      </symbol>
      <symbol id="sm-33f">
         <name>__ltdf2</name>
         <value>0x4fd1</value>
         <object_component_ref idref="oc-1d3"/>
      </symbol>
      <symbol id="sm-340">
         <name>__nedf2</name>
         <value>0x4fd1</value>
         <object_component_ref idref="oc-1d3"/>
      </symbol>
      <symbol id="sm-341">
         <name>__gtdf2</name>
         <value>0x4f5d</value>
         <object_component_ref idref="oc-1d9"/>
      </symbol>
      <symbol id="sm-34d">
         <name>__aeabi_idiv0</name>
         <value>0x4b77</value>
         <object_component_ref idref="oc-16c"/>
      </symbol>
      <symbol id="sm-34e">
         <name>__aeabi_ldiv0</name>
         <value>0x4cb3</value>
         <object_component_ref idref="oc-1a2"/>
      </symbol>
      <symbol id="sm-368">
         <name>memcpy</name>
         <value>0x4c19</value>
         <object_component_ref idref="oc-90"/>
      </symbol>
      <symbol id="sm-377">
         <name>memset</name>
         <value>0x5167</value>
         <object_component_ref idref="oc-c7"/>
      </symbol>
      <symbol id="sm-378">
         <name>__TI_static_base__</name>
         <value>0x0</value>
      </symbol>
      <symbol id="sm-37c">
         <name>__mpu_init</name>
         <value>0x0</value>
      </symbol>
      <symbol id="sm-37d">
         <name>_system_post_cinit</name>
         <value>0x0</value>
      </symbol>
   </symbol_table>
   <title>Link successful</title>
</link_info>
