******************************************************************************
            TI ARM Clang Linker PC v4.0.4                      
******************************************************************************
>> Linked Sun Jun  7 15:15:57 2026

OUTPUT FILE NAME:   <Test.out>
ENTRY POINT SYMBOL: "_c_int00_noargs"  address: 00005cdd


MEMORY CONFIGURATION

         name            origin    length      used     unused   attr    fill
----------------------  --------  ---------  --------  --------  ----  --------
  FLASH                 00000000   00020000  000063e8  00019c18  R  X
  SRAM                  20200000   00008000  00000783  0000787d  RW X
  BCR_CONFIG            41c00000   000000ff  00000000  000000ff  R   
  BSL_CONFIG            41c00100   00000080  00000000  00000080  R   


SEGMENT ALLOCATION MAP

run origin  load origin   length   init length attrs members
----------  ----------- ---------- ----------- ----- -------
00000000    00000000    00005ef8   00005ef8    r-x
  00000000    00000000    000000c0   000000c0    r-- .intvecs
  000000c0    000000c0    00005e38   00005e38    r-x .text
00005f00    00005f00    000004f0   000004f0    r--
  00005f00    00005f00    000004c0   000004c0    r-- .rodata
  000063c0    000063c0    00000030   00000030    r-- .cinit
20200000    20200000    00000583   00000000    rw-
  20200000    20200000    00000578   00000000    rw- .bss
  20200578    20200578    0000000b   00000000    rw- .data
20207e00    20207e00    00000200   00000000    rw-
  20207e00    20207e00    00000200   00000000    rw- .stack


SECTION ALLOCATION MAP

 output                                  attributes/
section   page    origin      length       input sections
--------  ----  ----------  ----------   ----------------
.intvecs   0    00000000    000000c0     
                  00000000    000000c0     startup_mspm0g350x_ticlang.o (.intvecs)

.text      0    000000c0    00005e38     
                  000000c0    00001990     oled.o (.text.OLED_Init)
                  00001a50    000009d0     libc.a : _printfi.c.obj (.text:__TI_printfi)
                  00002420    00000684     oled.o (.text.OLED_get_data_from_ROM)
                  00002aa4    0000057c     oled.o (.text.OLED_Clear)
                  00003020    000003e0     oled.o (.text.OLED_DisplayTurn)
                  00003400    000003a4     oled.o (.text.OLED_address)
                  000037a4    00000220     libc.a : _printfi.c.obj (.text._pconv_a)
                  000039c4    000001dc            : _printfi.c.obj (.text._pconv_g)
                  00003ba0    000001c0     System_State.o (.text.state_sampling)
                  00003d60    000001a4     oled.o (.text.OLED_Display_16x16)
                  00003f04    000001a4     oled.o (.text.OLED_Display_8x16)
                  000040a8    00000192     libclang_rt.builtins.a : adddf3.S.obj (.text.adddf3_subdf3)
                  0000423a    00000002     startup_mspm0g350x_ticlang.o (.text.Default_Handler)
                  0000423c    0000013c     libc.a : _printfi.c.obj (.text.fcvt)
                  00004378    00000124     IQDemod.o (.text.IQ_CalcImpedance)
                  0000449c    00000120     libc.a : _printfi.c.obj (.text._pconv_e)
                  000045bc    0000010c     libclang_rt.builtins.a : divdf3.S.obj (.text.__divdf3)
                  000046c8    000000fc     driverlib.a : dl_timer.o (.text.DL_Timer_initTimerMode)
                  000047c4    000000ec     IQDemod.o (.text.IQ_Demodulate)
                  000048b0    000000e4     oled.o (.text.OLED_Display_GB2312_string)
                  00004994    000000e4     libclang_rt.builtins.a : muldf3.S.obj (.text.__muldf3)
                  00004a78    000000e0     System_State.o (.text.state_showresult)
                  00004b58    000000d8     libc.a : s_scalbn.c.obj (.text.scalbn)
                  00004c30    000000b4     System_State.o (.text.state_calc)
                  00004ce4    000000a4     ti_msp_dl_config.o (.text.SYSCFG_DL_ADC_UX_init)
                  00004d88    000000a2     libclang_rt.builtins.a : udivmoddi4.S.obj (.text)
                  00004e2a    00000002                            : aeabi_div0.c.obj (.text.__aeabi_idiv0)
                  00004e2c    000000a0     ti_msp_dl_config.o (.text.SYSCFG_DL_ADC_UR_init)
                  00004ecc    0000009a     libc.a : memcpy16.S.obj (.text:memcpy)
                  00004f66    00000002     libclang_rt.builtins.a : aeabi_div0.c.obj (.text.__aeabi_ldiv0)
                  00004f68    00000090     IQDemod.o (.text.IQ_CalcCapacitance)
                  00004ff8    00000090     ti_msp_dl_config.o (.text.SYSCFG_DL_GPIO_init)
                  00005088    0000008c     libclang_rt.builtins.a : mulsf3.S.obj (.text.__mulsf3)
                  00005114    00000082                            : divsf3.S.obj (.text.__divsf3)
                  00005196    00000002     --HOLE-- [fill = 0]
                  00005198    00000080     ti_msp_dl_config.o (.text.SYSCFG_DL_UART_ADC_init)
                  00005218    0000007c     libc.a : copy_decompress_lzss.c.obj (.text:decompress:lzss)
                  00005294    00000074     libclang_rt.builtins.a : comparedf2.c.obj (.text.__gedf2)
                  00005308    00000068                            : comparedf2.c.obj (.text.__ledf2)
                  00005370    00000066     libc.a : _printfi.c.obj (.text._mcpy)
                  000053d6    00000002     --HOLE-- [fill = 0]
                  000053d8    00000064     ti_msp_dl_config.o (.text.SYSCFG_DL_initPower)
                  0000543c    00000062     libclang_rt.builtins.a : aeabi_dcmp.S.obj (.text.__aeabi_dcmp)
                  0000549e    00000062     libc.a : memset16.S.obj (.text:memset)
                  00005500    0000005c     System_State.o (.text.GROUP1_IRQHandler)
                  0000555c    0000005c     libc.a : s_frexp.c.obj (.text.frexp)
                  000055b8    0000005c     LCR2.0.o (.text.main)
                  00005614    00000058     libc.a : _ltoa.c.obj (.text.__TI_ltoa)
                  0000566c    00000058            : _printfi.c.obj (.text._pconv_f)
                  000056c4    00000056     libclang_rt.builtins.a : aeabi_idivmod.S.obj (.text.__aeabi_idivmod)
                  0000571a    00000002     --HOLE-- [fill = 0]
                  0000571c    00000054     System_State.o (.text.state_init_sampling)
                  00005770    00000052     libc.a : _printfi.c.obj (.text._ecpy)
                  000057c2    00000002     --HOLE-- [fill = 0]
                  000057c4    00000050     ti_msp_dl_config.o (.text.SYSCFG_DL_ADC_TIM_init)
                  00005814    0000004c     driverlib.a : dl_dma.o (.text.DL_DMA_initChannel)
                  00005860    0000004c     libc.a : snprintf.c.obj (.text.snprintf)
                  000058ac    0000004a     libclang_rt.builtins.a : fixdfsi.S.obj (.text.__fixdfsi)
                  000058f6    00000002     --HOLE-- [fill = 0]
                  000058f8    00000048     driverlib.a : dl_uart.o (.text.DL_UART_init)
                  00005940    00000040                 : dl_adc12.o (.text.DL_ADC12_setClockConfig)
                  00005980    00000040     libclang_rt.builtins.a : aeabi_uidivmod.S.obj (.text.__aeabi_uidivmod)
                  000059c0    00000040                            : extendsfdf2.S.obj (.text.__extendsfdf2)
                  00005a00    00000040     libc.a : atoi.c.obj (.text.atoi)
                  00005a40    0000003c     ADC.o (.text.DMA_Init)
                  00005a7c    0000003c     libclang_rt.builtins.a : floatsisf.S.obj (.text.__floatsisf)
                  00005ab8    0000003c     libc.a : autoinit.c.obj (.text:__TI_auto_init_nobinit_nopinit)
                  00005af4    0000003a     libclang_rt.builtins.a : muldsi3.S.obj (.text.__muldsi3)
                  00005b2e    00000002     --HOLE-- [fill = 0]
                  00005b30    00000034     ADC.o (.text.ADC0_IRQHandler)
                  00005b64    00000034     ADC.o (.text.ADC1_IRQHandler)
                  00005b98    00000030     driverlib.a : dl_uart.o (.text.DL_UART_transmitDataBlocking)
                  00005bc8    00000030     ti_msp_dl_config.o (.text.SYSCFG_DL_SYSCTL_init)
                  00005bf8    00000030     ti_msp_dl_config.o (.text.SYSCFG_DL_init)
                  00005c28    00000030     libc.a : _printfi.c.obj (.text._fcpy)
                  00005c58    00000030            : snprintf.c.obj (.text._outs)
                  00005c88    0000002c     libclang_rt.builtins.a : floatsidf.S.obj (.text.__floatsidf)
                  00005cb4    00000028                            : floatunsisf.S.obj (.text.__floatunsisf)
                  00005cdc    00000028     libc.a : boot_cortex_m.c.obj (.text:_c_int00_noargs)
                  00005d04    00000024     libclang_rt.builtins.a : floatunsidf.S.obj (.text.__floatunsidf)
                  00005d28    00000024                            : muldi3.S.obj (.text.__muldi3)
                  00005d4c    00000022     libc.a : memccpy.c.obj (.text.memccpy)
                  00005d6e    00000002     --HOLE-- [fill = 0]
                  00005d70    0000001e     libclang_rt.builtins.a : ashldi3.S.obj (.text.__ashldi3)
                  00005d8e    00000002     --HOLE-- [fill = 0]
                  00005d90    0000001c     driverlib.a : dl_timer.o (.text.DL_Timer_setClockConfig)
                  00005dac    00000018     ti_msp_dl_config.o (.text.SYSCFG_DL_DMA_UR_init)
                  00005dc4    00000018     ti_msp_dl_config.o (.text.SYSCFG_DL_DMA_UX_init)
                  00005ddc    00000018     libc.a : snprintf.c.obj (.text._outc)
                  00005df4    00000014     libclang_rt.builtins.a : aeabi_uldivmod.S.obj (.text.__aeabi_uldivmod)
                  00005e08    00000014     libc.a : _printfi.c.obj (.text.strchr)
                  00005e1c    00000012     driverlib.a : dl_uart.o (.text.DL_UART_setClockConfig)
                  00005e2e    00000012     libc.a : copy_decompress_none.c.obj (.text:decompress:none)
                  00005e40    00000010     System_State.o (.text.state_stable_wait)
                  00005e50    00000010     libc.a : wcslen.c.obj (.text.wcslen)
                  00005e60    00000010            : copy_zero_init.c.obj (.text:decompress:ZI)
                  00005e70    0000000e     libclang_rt.builtins.a : aeabi_memset.S.obj (.text.__aeabi_memset)
                  00005e7e    0000000e     libc.a : _printfi.c.obj (.text.strlen)
                  00005e8c    0000000c     ti_msp_dl_config.o (.text.SYSCFG_DL_DMA_init)
                  00005e98    0000000c     libclang_rt.builtins.a : aeabi_memset.S.obj (.text.__aeabi_memclr)
                  00005ea4    0000000a     driverlib.a : dl_common.o (.text.DL_Common_delayCycles)
                  00005eae    0000000a     libc.a : _printfi.c.obj (.text.OUTLINED_FUNCTION_0)
                  00005eb8    00000010     libclang_rt.builtins.a : adddf3.S.obj (.tramp.__aeabi_dsub.1)
                  00005ec8    0000000a     libc.a : _printfi.c.obj (.text.OUTLINED_FUNCTION_1)
                  00005ed2    00000002     --HOLE-- [fill = 0]
                  00005ed4    00000008            : aeabi_portable.c.obj (.text.__aeabi_errno_addr)
                  00005edc    00000008     libclang_rt.builtins.a : aeabi_memcpy.S.obj (.text.__aeabi_memcpy)
                  00005ee4    00000006     libc.a : exit.c.obj (.text:abort)
                  00005eea    00000004     libsysbm.a : hostexit.c.obj (.text.HOSTexit)
                  00005eee    00000004     startup_mspm0g350x_ticlang.o (.text.Reset_Handler)
                  00005ef2    00000004     libc.a : pre_init.c.obj (.text._system_pre_init)
                  00005ef6    00000002     --HOLE-- [fill = 0]

.cinit     0    000063c0    00000030     
                  000063c0    0000000c     (__TI_handler_table)
                  000063cc    00000008     (.cinit..bss.load) [load image, compression = zero_init]
                  000063d4    00000008     (.cinit..data.load) [load image, compression = lzss]
                  000063dc    00000010     (__TI_cinit_table)
                  000063ec    00000004     --HOLE-- [fill = 0]

.rodata    0    00005f00    000004c0     
                  00005f00    00000140     IQDemod.o (.rodata.IQ_cos_table)
                  00006040    00000140     IQDemod.o (.rodata.IQ_sin_table)
                  00006180    00000101     libc.a : aeabi_ctype.S.obj (.rodata:__aeabi_ctype_table_)
                  00006281    0000003b     System_State.o (.rodata.str1.4156000684612560153.1)
                  000062bc    00000018     ti_msp_dl_config.o (.rodata.gDMA_URConfig)
                  000062d4    00000018     ti_msp_dl_config.o (.rodata.gDMA_UXConfig)
                  000062ec    00000014     ti_msp_dl_config.o (.rodata.gADC_TIMTimerConfig)
                  00006300    00000012     System_State.o (.rodata.str1.7783977920663782243.1)
                  00006312    00000011     libc.a : _printfi.c.obj (.rodata.str1.10348868589481759720.1)
                  00006323    00000011            : _printfi.c.obj (.rodata.str1.15363888844622738466.1)
                  00006334    00000010     System_State.o (.rodata.str1.15581876484739034518.1)
                  00006344    00000010     System_State.o (.rodata.str1.9761960168339799149.1)
                  00006354    0000000f     System_State.o (.rodata.str1.3615741838494085195.1)
                  00006363    0000000f     System_State.o (.rodata.str1.7302003653212978095.1)
                  00006372    0000000b     System_State.o (.rodata.str1.11921515228961262368.1)
                  0000637d    0000000b     System_State.o (.rodata.str1.14671951007205277687.1)
                  00006388    0000000a     ti_msp_dl_config.o (.rodata.gUART_ADCConfig)
                  00006392    0000000a     System_State.o (.rodata.str1.8529644000359469957.1)
                  0000639c    00000008     ti_msp_dl_config.o (.rodata.gADC_URClockConfig)
                  000063a4    00000008     ti_msp_dl_config.o (.rodata.gADC_UXClockConfig)
                  000063ac    00000008     System_State.o (.rodata.str1.18343132044147825100.1)
                  000063b4    00000003     ti_msp_dl_config.o (.rodata.gADC_TIMClockConfig)
                  000063b7    00000002     ti_msp_dl_config.o (.rodata.gUART_ADCClockConfig)
                  000063b9    00000007     --HOLE-- [fill = 0]

.init_array 
*          0    00000000    00000000     UNINITIALIZED

.binit     0    00000000    00000000     

.bss       0    20200000    00000578     UNINITIALIZED
                  20200000    00000200     (.common:UR_data)
                  20200200    00000200     (.common:UX_data)
                  20200400    000000bc     (.common:gADC_TIMBackup)
                  202004bc    00000080     (.common:message)
                  2020053c    00000004     --HOLE--
                  20200540    00000010     (.common:UR_IQ)
                  20200550    00000010     (.common:UX_IQ)
                  20200560    00000010     (.common:Z_Data)
                  20200570    00000008     (.common:C_Data)

.data      0    20200578    0000000b     UNINITIALIZED
                  20200578    00000004     libc.a : aeabi_portable.c.obj (.data.__aeabi_errno)
                  2020057c    00000004     oled.o (.data.fontaddr)
                  20200580    00000001     ADC.o (.data.UR_complete)
                  20200581    00000001     ADC.o (.data.UX_complete)
                  20200582    00000001     System_State.o (.data.state)

.stack     0    20207e00    00000200     UNINITIALIZED
                  20207e00    00000004     libc.a : boot_cortex_m.c.obj (.stack)
                  20207e04    000001fc     --HOLE--

__llvm_prf_cnts 
*          0    20200000    00000000     UNINITIALIZED

__llvm_prf_bits 
*          0    20200000    00000000     UNINITIALIZED

MODULE SUMMARY

       Module                         code    ro data   rw data
       ------                         ----    -------   -------
    .\
       startup_mspm0g350x_ticlang.o   6       192       0      
       LCR2.0.o                       92      0         0      
    +--+------------------------------+-------+---------+---------+
       Total:                         98      192       0      
                                                               
    .\Hardware\
       oled.o                         12608   0         4      
       ADC.o                          164     0         1154   
    +--+------------------------------+-------+---------+---------+
       Total:                         12772   0         1158   
                                                               
    .\System\
       IQDemod.o                      672     640       0      
       System_State.o                 1044    179       57     
    +--+------------------------------+-------+---------+---------+
       Total:                         1716    819       57     
                                                               
    .\syscfg\
       ti_msp_dl_config.o             932     99        188    
    +--+------------------------------+-------+---------+---------+
       Total:                         932     99        188    
                                                               
    D:/TI/SDK/mspm0_sdk_2_09_00_01/source/ti/driverlib/lib/ticlang/m0p/mspm0g1x0x_g3x0x/driverlib.a
       dl_timer.o                     280     0         0      
       dl_uart.o                      138     0         0      
       dl_dma.o                       76      0         0      
       dl_adc12.o                     64      0         0      
       dl_common.o                    10      0         0      
    +--+------------------------------+-------+---------+---------+
       Total:                         568     0         0      
                                                               
    D:\TI\CCS_2026\ccs\tools\compiler\ti-cgt-armllvm_4.0.4.LTS\lib\armv6m-ti-none-eabi/c/libc.a
       _printfi.c.obj                 4510    34        0      
       aeabi_ctype.S.obj              0       257       0      
       s_scalbn.c.obj                 216     0         0      
       memcpy16.S.obj                 154     0         0      
       snprintf.c.obj                 148     0         0      
       copy_decompress_lzss.c.obj     124     0         0      
       memset16.S.obj                 98      0         0      
       s_frexp.c.obj                  92      0         0      
       _ltoa.c.obj                    88      0         0      
       atoi.c.obj                     64      0         0      
       autoinit.c.obj                 60      0         0      
       boot_cortex_m.c.obj            40      0         0      
       memccpy.c.obj                  34      0         0      
       copy_decompress_none.c.obj     18      0         0      
       copy_zero_init.c.obj           16      0         0      
       wcslen.c.obj                   16      0         0      
       aeabi_portable.c.obj           8       0         4      
       exit.c.obj                     6       0         0      
       pre_init.c.obj                 4       0         0      
    +--+------------------------------+-------+---------+---------+
       Total:                         5696    291       4      
                                                               
    D:\TI\CCS_2026\ccs\tools\compiler\ti-cgt-armllvm_4.0.4.LTS\lib\armv6m-ti-none-eabi/c/libsysbm.a
       hostexit.c.obj                 4       0         0      
    +--+------------------------------+-------+---------+---------+
       Total:                         4       0         0      
                                                               
    D:\TI\CCS_2026\ccs\tools\compiler\ti-cgt-armllvm_4.0.4.LTS\lib\armv6m-ti-none-eabi/libclang_rt.builtins.a
       adddf3.S.obj                   418     0         0      
       divdf3.S.obj                   268     0         0      
       muldf3.S.obj                   228     0         0      
       comparedf2.c.obj               220     0         0      
       udivmoddi4.S.obj               162     0         0      
       mulsf3.S.obj                   140     0         0      
       divsf3.S.obj                   130     0         0      
       aeabi_dcmp.S.obj               98      0         0      
       aeabi_idivmod.S.obj            86      0         0      
       fixdfsi.S.obj                  74      0         0      
       aeabi_uidivmod.S.obj           64      0         0      
       extendsfdf2.S.obj              64      0         0      
       floatsisf.S.obj                60      0         0      
       muldsi3.S.obj                  58      0         0      
       floatsidf.S.obj                44      0         0      
       floatunsisf.S.obj              40      0         0      
       floatunsidf.S.obj              36      0         0      
       muldi3.S.obj                   36      0         0      
       ashldi3.S.obj                  30      0         0      
       aeabi_memset.S.obj             26      0         0      
       aeabi_uldivmod.S.obj           20      0         0      
       aeabi_memcpy.S.obj             8       0         0      
       aeabi_div0.c.obj               4       0         0      
    +--+------------------------------+-------+---------+---------+
       Total:                         2314    0         0      
                                                               
       Stack:                         0       0         512    
       Linker Generated:              0       44        0      
    +--+------------------------------+-------+---------+---------+
       Grand Total:                   24100   1445      1919   


LINKER GENERATED COPY TABLES

__TI_cinit_table @ 000063dc records: 2, size/record: 8, table size: 16
	.bss: load addr=000063cc, load size=00000008 bytes, run addr=20200000, run size=00000578 bytes, compression=zero_init
	.data: load addr=000063d4, load size=00000008 bytes, run addr=20200578, run size=0000000b bytes, compression=lzss


LINKER GENERATED HANDLER TABLE

__TI_handler_table @ 000063c0 records: 3, size/record: 4, table size: 12
	index: 0, handler: __TI_decompress_lzss
	index: 1, handler: __TI_decompress_none
	index: 2, handler: __TI_zero_init


FAR CALL TRAMPOLINES

callee name               trampoline name
   callee addr  tramp addr   call addr  call info
--------------  -----------  ---------  ----------------
__aeabi_dsub              $Tramp$TT$L$PI$$__aeabi_dsub
   000040a9     00005eb8     00005eb6   libc.a : _printfi.c.obj (.text.OUTLINED_FUNCTION_0)

[1 trampolines]
[1 trampoline calls]


GLOBAL SYMBOLS: SORTED ALPHABETICALLY BY Name 

address   name                          
-------   ----                          
00005b31  ADC0_IRQHandler               
00005b65  ADC1_IRQHandler               
0000423b  AES_IRQHandler                
00005eea  C$$EXIT                       
0000423b  CANFD0_IRQHandler             
20200570  C_Data                        
0000423b  DAC0_IRQHandler               
00005941  DL_ADC12_setClockConfig       
00005ea5  DL_Common_delayCycles         
00005815  DL_DMA_initChannel            
000046c9  DL_Timer_initTimerMode        
00005d91  DL_Timer_setClockConfig       
000058f9  DL_UART_init                  
00005e1d  DL_UART_setClockConfig        
00005b99  DL_UART_transmitDataBlocking  
0000423b  DMA_IRQHandler                
00005a41  DMA_Init                      
0000423b  Default_Handler               
0000423b  GROUP0_IRQHandler             
00005501  GROUP1_IRQHandler             
00005eeb  HOSTexit                      
0000423b  HardFault_Handler             
0000423b  I2C0_IRQHandler               
0000423b  I2C1_IRQHandler               
00004f69  IQ_CalcCapacitance            
00004379  IQ_CalcImpedance              
000047c5  IQ_Demodulate                 
00005f00  IQ_cos_table                  
00006040  IQ_sin_table                  
0000423b  NMI_Handler                   
00002aa5  OLED_Clear                    
00003021  OLED_DisplayTurn              
00003d61  OLED_Display_16x16            
00003f05  OLED_Display_8x16             
000048b1  OLED_Display_GB2312_string    
000000c1  OLED_Init                     
00003401  OLED_address                  
00002421  OLED_get_data_from_ROM        
0000423b  PendSV_Handler                
0000423b  RTC_IRQHandler                
00005eef  Reset_Handler                 
0000423b  SPI0_IRQHandler               
0000423b  SPI1_IRQHandler               
0000423b  SVC_Handler                   
000057c5  SYSCFG_DL_ADC_TIM_init        
00004e2d  SYSCFG_DL_ADC_UR_init         
00004ce5  SYSCFG_DL_ADC_UX_init         
00005dad  SYSCFG_DL_DMA_UR_init         
00005dc5  SYSCFG_DL_DMA_UX_init         
00005e8d  SYSCFG_DL_DMA_init            
00004ff9  SYSCFG_DL_GPIO_init           
00005bc9  SYSCFG_DL_SYSCTL_init         
00005199  SYSCFG_DL_UART_ADC_init       
00005bf9  SYSCFG_DL_init                
000053d9  SYSCFG_DL_initPower           
0000423b  SysTick_Handler               
0000423b  TIMA0_IRQHandler              
0000423b  TIMA1_IRQHandler              
0000423b  TIMG0_IRQHandler              
0000423b  TIMG12_IRQHandler             
0000423b  TIMG6_IRQHandler              
0000423b  TIMG7_IRQHandler              
0000423b  TIMG8_IRQHandler              
0000423b  UART0_IRQHandler              
0000423b  UART1_IRQHandler              
0000423b  UART2_IRQHandler              
0000423b  UART3_IRQHandler              
20200540  UR_IQ                         
20200580  UR_complete                   
20200000  UR_data                       
20200550  UX_IQ                         
20200581  UX_complete                   
20200200  UX_data                       
20200560  Z_Data                        
20208000  __STACK_END                   
00000200  __STACK_SIZE                  
00000000  __TI_ATRegion0_region_sz      
00000000  __TI_ATRegion0_src_addr       
00000000  __TI_ATRegion0_trg_addr       
00000000  __TI_ATRegion1_region_sz      
00000000  __TI_ATRegion1_src_addr       
00000000  __TI_ATRegion1_trg_addr       
00000000  __TI_ATRegion2_region_sz      
00000000  __TI_ATRegion2_src_addr       
00000000  __TI_ATRegion2_trg_addr       
000063dc  __TI_CINIT_Base               
000063ec  __TI_CINIT_Limit              
000063ec  __TI_CINIT_Warm               
000063c0  __TI_Handler_Table_Base       
000063cc  __TI_Handler_Table_Limit      
00005ab9  __TI_auto_init_nobinit_nopinit
00005219  __TI_decompress_lzss          
00005e2f  __TI_decompress_none          
00005615  __TI_ltoa                     
ffffffff  __TI_pprof_out_hndl           
00001a51  __TI_printfi                  
ffffffff  __TI_prof_data_size           
ffffffff  __TI_prof_data_start          
00000000  __TI_static_base__            
00005e61  __TI_zero_init                
000040b3  __adddf3                      
00006180  __aeabi_ctype_table_          
00006180  __aeabi_ctype_table_C         
000058ad  __aeabi_d2iz                  
000040b3  __aeabi_dadd                  
0000543d  __aeabi_dcmpeq                
00005479  __aeabi_dcmpge                
0000548d  __aeabi_dcmpgt                
00005465  __aeabi_dcmple                
00005451  __aeabi_dcmplt                
000045bd  __aeabi_ddiv                  
00004995  __aeabi_dmul                  
000040a9  __aeabi_dsub                  
20200578  __aeabi_errno                 
00005ed5  __aeabi_errno_addr            
000059c1  __aeabi_f2d                   
00005115  __aeabi_fdiv                  
00005089  __aeabi_fmul                  
00005c89  __aeabi_i2d                   
00005a7d  __aeabi_i2f                   
000056c5  __aeabi_idiv                  
00004e2b  __aeabi_idiv0                 
000056c5  __aeabi_idivmod               
00004f67  __aeabi_ldiv0                 
00005d71  __aeabi_llsl                  
00005d29  __aeabi_lmul                  
00005e99  __aeabi_memclr                
00005e99  __aeabi_memclr4               
00005e99  __aeabi_memclr8               
00005edd  __aeabi_memcpy                
00005edd  __aeabi_memcpy4               
00005edd  __aeabi_memcpy8               
00005e71  __aeabi_memset                
00005e71  __aeabi_memset4               
00005e71  __aeabi_memset8               
00005d05  __aeabi_ui2d                  
00005cb5  __aeabi_ui2f                  
00005981  __aeabi_uidiv                 
00005981  __aeabi_uidivmod              
00005df5  __aeabi_uldivmod              
00005d71  __ashldi3                     
ffffffff  __binit__                     
00005309  __cmpdf2                      
000045bd  __divdf3                      
00005115  __divsf3                      
00005309  __eqdf2                       
000059c1  __extendsfdf2                 
000058ad  __fixdfsi                     
00005c89  __floatsidf                   
00005a7d  __floatsisf                   
00005d05  __floatunsidf                 
00005cb5  __floatunsisf                 
00005295  __gedf2                       
00005295  __gtdf2                       
00005309  __ledf2                       
00005309  __ltdf2                       
UNDEFED   __mpu_init                    
00004995  __muldf3                      
00005d29  __muldi3                      
00005af5  __muldsi3                     
00005089  __mulsf3                      
00005309  __nedf2                       
20207e00  __stack                       
20200000  __start___llvm_prf_bits       
20200000  __start___llvm_prf_cnts       
20200000  __stop___llvm_prf_bits        
20200000  __stop___llvm_prf_cnts        
000040a9  __subdf3                      
00004d89  __udivmoddi4                  
00005cdd  _c_int00_noargs               
UNDEFED   _system_post_cinit            
00005ef3  _system_pre_init              
00005ee5  abort                         
00005a01  atoi                          
ffffffff  binit                         
2020057c  fontaddr                      
0000555d  frexp                         
0000555d  frexpl                        
20200400  gADC_TIMBackup                
00000000  interruptVectors              
00004b59  ldexp                         
00004b59  ldexpl                        
000055b9  main                          
00005d4d  memccpy                       
00004ecd  memcpy                        
0000549f  memset                        
202004bc  message                       
00004b59  scalbn                        
00004b59  scalbnl                       
00005861  snprintf                      
20200582  state                         
00004c31  state_calc                    
0000571d  state_init_sampling           
00003ba1  state_sampling                
00004a79  state_showresult              
00005e41  state_stable_wait             
00005e51  wcslen                        


GLOBAL SYMBOLS: SORTED BY Symbol Address 

address   name                          
-------   ----                          
00000000  __TI_ATRegion0_region_sz      
00000000  __TI_ATRegion0_src_addr       
00000000  __TI_ATRegion0_trg_addr       
00000000  __TI_ATRegion1_region_sz      
00000000  __TI_ATRegion1_src_addr       
00000000  __TI_ATRegion1_trg_addr       
00000000  __TI_ATRegion2_region_sz      
00000000  __TI_ATRegion2_src_addr       
00000000  __TI_ATRegion2_trg_addr       
00000000  __TI_static_base__            
00000000  interruptVectors              
000000c1  OLED_Init                     
00000200  __STACK_SIZE                  
00001a51  __TI_printfi                  
00002421  OLED_get_data_from_ROM        
00002aa5  OLED_Clear                    
00003021  OLED_DisplayTurn              
00003401  OLED_address                  
00003ba1  state_sampling                
00003d61  OLED_Display_16x16            
00003f05  OLED_Display_8x16             
000040a9  __aeabi_dsub                  
000040a9  __subdf3                      
000040b3  __adddf3                      
000040b3  __aeabi_dadd                  
0000423b  AES_IRQHandler                
0000423b  CANFD0_IRQHandler             
0000423b  DAC0_IRQHandler               
0000423b  DMA_IRQHandler                
0000423b  Default_Handler               
0000423b  GROUP0_IRQHandler             
0000423b  HardFault_Handler             
0000423b  I2C0_IRQHandler               
0000423b  I2C1_IRQHandler               
0000423b  NMI_Handler                   
0000423b  PendSV_Handler                
0000423b  RTC_IRQHandler                
0000423b  SPI0_IRQHandler               
0000423b  SPI1_IRQHandler               
0000423b  SVC_Handler                   
0000423b  SysTick_Handler               
0000423b  TIMA0_IRQHandler              
0000423b  TIMA1_IRQHandler              
0000423b  TIMG0_IRQHandler              
0000423b  TIMG12_IRQHandler             
0000423b  TIMG6_IRQHandler              
0000423b  TIMG7_IRQHandler              
0000423b  TIMG8_IRQHandler              
0000423b  UART0_IRQHandler              
0000423b  UART1_IRQHandler              
0000423b  UART2_IRQHandler              
0000423b  UART3_IRQHandler              
00004379  IQ_CalcImpedance              
000045bd  __aeabi_ddiv                  
000045bd  __divdf3                      
000046c9  DL_Timer_initTimerMode        
000047c5  IQ_Demodulate                 
000048b1  OLED_Display_GB2312_string    
00004995  __aeabi_dmul                  
00004995  __muldf3                      
00004a79  state_showresult              
00004b59  ldexp                         
00004b59  ldexpl                        
00004b59  scalbn                        
00004b59  scalbnl                       
00004c31  state_calc                    
00004ce5  SYSCFG_DL_ADC_UX_init         
00004d89  __udivmoddi4                  
00004e2b  __aeabi_idiv0                 
00004e2d  SYSCFG_DL_ADC_UR_init         
00004ecd  memcpy                        
00004f67  __aeabi_ldiv0                 
00004f69  IQ_CalcCapacitance            
00004ff9  SYSCFG_DL_GPIO_init           
00005089  __aeabi_fmul                  
00005089  __mulsf3                      
00005115  __aeabi_fdiv                  
00005115  __divsf3                      
00005199  SYSCFG_DL_UART_ADC_init       
00005219  __TI_decompress_lzss          
00005295  __gedf2                       
00005295  __gtdf2                       
00005309  __cmpdf2                      
00005309  __eqdf2                       
00005309  __ledf2                       
00005309  __ltdf2                       
00005309  __nedf2                       
000053d9  SYSCFG_DL_initPower           
0000543d  __aeabi_dcmpeq                
00005451  __aeabi_dcmplt                
00005465  __aeabi_dcmple                
00005479  __aeabi_dcmpge                
0000548d  __aeabi_dcmpgt                
0000549f  memset                        
00005501  GROUP1_IRQHandler             
0000555d  frexp                         
0000555d  frexpl                        
000055b9  main                          
00005615  __TI_ltoa                     
000056c5  __aeabi_idiv                  
000056c5  __aeabi_idivmod               
0000571d  state_init_sampling           
000057c5  SYSCFG_DL_ADC_TIM_init        
00005815  DL_DMA_initChannel            
00005861  snprintf                      
000058ad  __aeabi_d2iz                  
000058ad  __fixdfsi                     
000058f9  DL_UART_init                  
00005941  DL_ADC12_setClockConfig       
00005981  __aeabi_uidiv                 
00005981  __aeabi_uidivmod              
000059c1  __aeabi_f2d                   
000059c1  __extendsfdf2                 
00005a01  atoi                          
00005a41  DMA_Init                      
00005a7d  __aeabi_i2f                   
00005a7d  __floatsisf                   
00005ab9  __TI_auto_init_nobinit_nopinit
00005af5  __muldsi3                     
00005b31  ADC0_IRQHandler               
00005b65  ADC1_IRQHandler               
00005b99  DL_UART_transmitDataBlocking  
00005bc9  SYSCFG_DL_SYSCTL_init         
00005bf9  SYSCFG_DL_init                
00005c89  __aeabi_i2d                   
00005c89  __floatsidf                   
00005cb5  __aeabi_ui2f                  
00005cb5  __floatunsisf                 
00005cdd  _c_int00_noargs               
00005d05  __aeabi_ui2d                  
00005d05  __floatunsidf                 
00005d29  __aeabi_lmul                  
00005d29  __muldi3                      
00005d4d  memccpy                       
00005d71  __aeabi_llsl                  
00005d71  __ashldi3                     
00005d91  DL_Timer_setClockConfig       
00005dad  SYSCFG_DL_DMA_UR_init         
00005dc5  SYSCFG_DL_DMA_UX_init         
00005df5  __aeabi_uldivmod              
00005e1d  DL_UART_setClockConfig        
00005e2f  __TI_decompress_none          
00005e41  state_stable_wait             
00005e51  wcslen                        
00005e61  __TI_zero_init                
00005e71  __aeabi_memset                
00005e71  __aeabi_memset4               
00005e71  __aeabi_memset8               
00005e8d  SYSCFG_DL_DMA_init            
00005e99  __aeabi_memclr                
00005e99  __aeabi_memclr4               
00005e99  __aeabi_memclr8               
00005ea5  DL_Common_delayCycles         
00005ed5  __aeabi_errno_addr            
00005edd  __aeabi_memcpy                
00005edd  __aeabi_memcpy4               
00005edd  __aeabi_memcpy8               
00005ee5  abort                         
00005eea  C$$EXIT                       
00005eeb  HOSTexit                      
00005eef  Reset_Handler                 
00005ef3  _system_pre_init              
00005f00  IQ_cos_table                  
00006040  IQ_sin_table                  
00006180  __aeabi_ctype_table_          
00006180  __aeabi_ctype_table_C         
000063c0  __TI_Handler_Table_Base       
000063cc  __TI_Handler_Table_Limit      
000063dc  __TI_CINIT_Base               
000063ec  __TI_CINIT_Limit              
000063ec  __TI_CINIT_Warm               
20200000  UR_data                       
20200000  __start___llvm_prf_bits       
20200000  __start___llvm_prf_cnts       
20200000  __stop___llvm_prf_bits        
20200000  __stop___llvm_prf_cnts        
20200200  UX_data                       
20200400  gADC_TIMBackup                
202004bc  message                       
20200540  UR_IQ                         
20200550  UX_IQ                         
20200560  Z_Data                        
20200570  C_Data                        
20200578  __aeabi_errno                 
2020057c  fontaddr                      
20200580  UR_complete                   
20200581  UX_complete                   
20200582  state                         
20207e00  __stack                       
20208000  __STACK_END                   
ffffffff  __TI_pprof_out_hndl           
ffffffff  __TI_prof_data_size           
ffffffff  __TI_prof_data_start          
ffffffff  __binit__                     
ffffffff  binit                         
UNDEFED   __mpu_init                    
UNDEFED   _system_post_cinit            

[197 symbols]
